kern  :notice: [Fri Feb 23 06:42:26 2024] Linux version 5.15.133.1-microsoft-standard-WSL2 (root@1c602f52c2e4) (gcc (GCC) 11.2.0, GNU ld (GNU Binutils) 2.37) #1 SMP Thu Oct 5 21:02:42 UTC 2023
kern  :info  : [Fri Feb 23 06:42:26 2024] Command line: initrd=\initrd.img WSL_ROOT_INIT=1 panic=-1 nr_cpus=12 bonding.max_bonds=0 dummy.numdummies=0 fb_tunnels=none swiotlb=force console=hvc0 debug pty.legacy_count=0
kern  :info  : [Fri Feb 23 06:42:26 2024] KERNEL supported cpus:
kern  :info  : [Fri Feb 23 06:42:26 2024]   Intel GenuineIntel
kern  :info  : [Fri Feb 23 06:42:26 2024]   AMD AuthenticAMD
kern  :info  : [Fri Feb 23 06:42:26 2024]   Centaur CentaurHauls
kern  :info  : [Fri Feb 23 06:42:26 2024] BIOS-provided physical RAM map:
kern  :info  : [Fri Feb 23 06:42:26 2024] BIOS-e820: [mem 0x0000000000000000-0x000000000009ffff] usable
kern  :info  : [Fri Feb 23 06:42:26 2024] BIOS-e820: [mem 0x00000000000e0000-0x00000000000e0fff] reserved
kern  :info  : [Fri Feb 23 06:42:26 2024] BIOS-e820: [mem 0x0000000000100000-0x00000000001fffff] ACPI data
kern  :info  : [Fri Feb 23 06:42:26 2024] BIOS-e820: [mem 0x0000000000200000-0x00000000f7ffffff] usable
kern  :info  : [Fri Feb 23 06:42:26 2024] BIOS-e820: [mem 0x0000000100000000-0x0000000202dfffff] usable
kern  :info  : [Fri Feb 23 06:42:26 2024] NX (Execute Disable) protection: active
kern  :info  : [Fri Feb 23 06:42:26 2024] DMI not present or invalid.
kern  :info  : [Fri Feb 23 06:42:26 2024] Hypervisor detected: Microsoft Hyper-V
kern  :info  : [Fri Feb 23 06:42:26 2024] Hyper-V: privilege flags low 0x2e7f, high 0x3b8030, hints 0xa4e24, misc 0xe4bed7b6
kern  :info  : [Fri Feb 23 06:42:26 2024] Hyper-V Host Build:22621-10.0-3-0.3155
kern  :info  : [Fri Feb 23 06:42:26 2024] Hyper-V: Nested features: 0x3e0101
kern  :info  : [Fri Feb 23 06:42:26 2024] Hyper-V: LAPIC Timer Frequency: 0x1e8480
kern  :info  : [Fri Feb 23 06:42:26 2024] Hyper-V: Using hypercall for remote TLB flush
kern  :info  : [Fri Feb 23 06:42:26 2024] clocksource: hyperv_clocksource_tsc_page: mask: 0xffffffffffffffff max_cycles: 0x24e6a1710, max_idle_ns: 440795202120 ns
kern  :info  : [Fri Feb 23 06:42:26 2024] tsc: Marking TSC unstable due to running on Hyper-V
kern  :info  : [Fri Feb 23 06:42:26 2024] tsc: Detected 2592.007 MHz processor
kern  :debug : [Fri Feb 23 06:42:26 2024] e820: update [mem 0x00000000-0x00000fff] usable ==> reserved
kern  :debug : [Fri Feb 23 06:42:26 2024] e820: remove [mem 0x000a0000-0x000fffff] usable
kern  :info  : [Fri Feb 23 06:42:26 2024] last_pfn = 0x202e00 max_arch_pfn = 0x400000000
kern  :info  : [Fri Feb 23 06:42:26 2024] x86/PAT: Configuration [0-7]: WB  WC  UC- UC  WB  WP  UC- WT  
kern  :info  : [Fri Feb 23 06:42:26 2024] last_pfn = 0xf8000 max_arch_pfn = 0x400000000
kern  :info  : [Fri Feb 23 06:42:26 2024] Using GB pages for direct mapping
kern  :info  : [Fri Feb 23 06:42:26 2024] RAMDISK: [mem 0x03de5000-0x03fe6fff]
kern  :info  : [Fri Feb 23 06:42:26 2024] ACPI: Early table checksum verification disabled
kern  :info  : [Fri Feb 23 06:42:26 2024] ACPI: RSDP 0x00000000000E0000 000024 (v02 VRTUAL)
kern  :info  : [Fri Feb 23 06:42:26 2024] ACPI: XSDT 0x0000000000100000 000044 (v01 VRTUAL MICROSFT 00000001 MSFT 00000001)
kern  :info  : [Fri Feb 23 06:42:26 2024] ACPI: FACP 0x0000000000101000 000114 (v06 VRTUAL MICROSFT 00000001 MSFT 00000001)
kern  :info  : [Fri Feb 23 06:42:26 2024] ACPI: DSDT 0x00000000001011B8 01E191 (v02 MSFTVM DSDT01   00000001 MSFT 05000000)
kern  :info  : [Fri Feb 23 06:42:26 2024] ACPI: FACS 0x0000000000101114 000040
kern  :info  : [Fri Feb 23 06:42:26 2024] ACPI: OEM0 0x0000000000101154 000064 (v01 VRTUAL MICROSFT 00000001 MSFT 00000001)
kern  :info  : [Fri Feb 23 06:42:26 2024] ACPI: SRAT 0x000000000011F349 000370 (v02 VRTUAL MICROSFT 00000001 MSFT 00000001)
kern  :info  : [Fri Feb 23 06:42:26 2024] ACPI: APIC 0x000000000011F6B9 0000A8 (v04 VRTUAL MICROSFT 00000001 MSFT 00000001)
kern  :info  : [Fri Feb 23 06:42:26 2024] ACPI: Reserving FACP table memory at [mem 0x101000-0x101113]
kern  :info  : [Fri Feb 23 06:42:26 2024] ACPI: Reserving DSDT table memory at [mem 0x1011b8-0x11f348]
kern  :info  : [Fri Feb 23 06:42:26 2024] ACPI: Reserving FACS table memory at [mem 0x101114-0x101153]
kern  :info  : [Fri Feb 23 06:42:26 2024] ACPI: Reserving OEM0 table memory at [mem 0x101154-0x1011b7]
kern  :info  : [Fri Feb 23 06:42:26 2024] ACPI: Reserving SRAT table memory at [mem 0x11f349-0x11f6b8]
kern  :info  : [Fri Feb 23 06:42:26 2024] ACPI: Reserving APIC table memory at [mem 0x11f6b9-0x11f760]
kern  :info  : [Fri Feb 23 06:42:26 2024] Zone ranges:
kern  :info  : [Fri Feb 23 06:42:26 2024]   DMA      [mem 0x0000000000001000-0x0000000000ffffff]
kern  :info  : [Fri Feb 23 06:42:26 2024]   DMA32    [mem 0x0000000001000000-0x00000000ffffffff]
kern  :info  : [Fri Feb 23 06:42:26 2024]   Normal   [mem 0x0000000100000000-0x0000000202dfffff]
kern  :info  : [Fri Feb 23 06:42:26 2024]   Device   empty
kern  :info  : [Fri Feb 23 06:42:26 2024] Movable zone start for each node
kern  :info  : [Fri Feb 23 06:42:26 2024] Early memory node ranges
kern  :info  : [Fri Feb 23 06:42:26 2024]   node   0: [mem 0x0000000000001000-0x000000000009ffff]
kern  :info  : [Fri Feb 23 06:42:26 2024]   node   0: [mem 0x0000000000200000-0x00000000f7ffffff]
kern  :info  : [Fri Feb 23 06:42:26 2024]   node   0: [mem 0x0000000100000000-0x0000000202dfffff]
kern  :info  : [Fri Feb 23 06:42:26 2024] Initmem setup node 0 [mem 0x0000000000001000-0x0000000202dfffff]
kern  :info  : [Fri Feb 23 06:42:26 2024] On node 0, zone DMA: 1 pages in unavailable ranges
kern  :info  : [Fri Feb 23 06:42:26 2024] On node 0, zone DMA: 352 pages in unavailable ranges
kern  :info  : [Fri Feb 23 06:42:26 2024] On node 0, zone Normal: 20992 pages in unavailable ranges
kern  :info  : [Fri Feb 23 06:42:26 2024] ACPI: LAPIC_NMI (acpi_id[0x01] dfl dfl lint[0x1])
kern  :info  : [Fri Feb 23 06:42:26 2024] IOAPIC[0]: apic_id 12, version 17, address 0xfec00000, GSI 0-23
kern  :info  : [Fri Feb 23 06:42:26 2024] ACPI: INT_SRC_OVR (bus 0 bus_irq 9 global_irq 9 high level)
kern  :info  : [Fri Feb 23 06:42:26 2024] ACPI: Using ACPI (MADT) for SMP configuration information
kern  :info  : [Fri Feb 23 06:42:26 2024] smpboot: Allowing 12 CPUs, 0 hotplug CPUs
kern  :info  : [Fri Feb 23 06:42:26 2024] [mem 0xf8000000-0xffffffff] available for PCI devices
kern  :info  : [Fri Feb 23 06:42:26 2024] Booting paravirtualized kernel on Hyper-V
kern  :info  : [Fri Feb 23 06:42:26 2024] clocksource: refined-jiffies: mask: 0xffffffff max_cycles: 0xffffffff, max_idle_ns: 19112604462750000 ns
kern  :info  : [Fri Feb 23 06:42:26 2024] setup_percpu: NR_CPUS:256 nr_cpumask_bits:256 nr_cpu_ids:12 nr_node_ids:1
kern  :info  : [Fri Feb 23 06:42:26 2024] percpu: Embedded 53 pages/cpu s177624 r8192 d31272 u262144
kern  :debug : [Fri Feb 23 06:42:26 2024] pcpu-alloc: s177624 r8192 d31272 u262144 alloc=1*2097152
kern  :debug : [Fri Feb 23 06:42:26 2024] pcpu-alloc: [0] 00 01 02 03 04 05 06 07 [0] 08 09 10 11 -- -- -- -- 
kern  :info  : [Fri Feb 23 06:42:26 2024] Hyper-V: PV spinlocks enabled
kern  :info  : [Fri Feb 23 06:42:26 2024] PV qspinlock hash table entries: 256 (order: 0, 4096 bytes, linear)
kern  :info  : [Fri Feb 23 06:42:26 2024] Built 1 zonelists, mobility grouping on.  Total pages: 2042701
kern  :notice: [Fri Feb 23 06:42:26 2024] Kernel command line: initrd=\initrd.img WSL_ROOT_INIT=1 panic=-1 nr_cpus=12 bonding.max_bonds=0 dummy.numdummies=0 fb_tunnels=none swiotlb=force console=hvc0 debug pty.legacy_count=0
kern  :notice: [Fri Feb 23 06:42:26 2024] Unknown kernel command line parameters "WSL_ROOT_INIT=1", will be passed to user space.
kern  :info  : [Fri Feb 23 06:42:26 2024] Dentry cache hash table entries: 1048576 (order: 11, 8388608 bytes, linear)
kern  :info  : [Fri Feb 23 06:42:26 2024] Inode-cache hash table entries: 524288 (order: 10, 4194304 bytes, linear)
kern  :info  : [Fri Feb 23 06:42:26 2024] mem auto-init: stack:off, heap alloc:off, heap free:off
kern  :info  : [Fri Feb 23 06:42:26 2024] Memory: 4124404K/8303228K available (18452K kernel code, 2632K rwdata, 9736K rodata, 2008K init, 1780K bss, 258016K reserved, 0K cma-reserved)
kern  :info  : [Fri Feb 23 06:42:26 2024] SLUB: HWalign=64, Order=0-3, MinObjects=0, CPUs=12, Nodes=1
kern  :info  : [Fri Feb 23 06:42:26 2024] ftrace: allocating 53235 entries in 208 pages
kern  :info  : [Fri Feb 23 06:42:26 2024] ftrace: allocated 208 pages with 3 groups
kern  :info  : [Fri Feb 23 06:42:26 2024] rcu: Hierarchical RCU implementation.
kern  :info  : [Fri Feb 23 06:42:26 2024] rcu: 	RCU restricting CPUs from NR_CPUS=256 to nr_cpu_ids=12.
kern  :info  : [Fri Feb 23 06:42:26 2024] 	Rude variant of Tasks RCU enabled.
kern  :info  : [Fri Feb 23 06:42:26 2024] 	Tracing variant of Tasks RCU enabled.
kern  :info  : [Fri Feb 23 06:42:26 2024] rcu: RCU calculated value of scheduler-enlistment delay is 10 jiffies.
kern  :info  : [Fri Feb 23 06:42:26 2024] rcu: Adjusting geometry for rcu_fanout_leaf=16, nr_cpu_ids=12
kern  :info  : [Fri Feb 23 06:42:26 2024] Using NULL legacy PIC
kern  :info  : [Fri Feb 23 06:42:26 2024] NR_IRQS: 16640, nr_irqs: 520, preallocated irqs: 0
kern  :notice: [Fri Feb 23 06:42:26 2024] random: crng init done
kern  :info  : [Fri Feb 23 06:42:26 2024] Console: colour dummy device 80x25
kern  :info  : [Fri Feb 23 06:42:26 2024] ACPI: Core revision 20210730
kern  :info  : [Fri Feb 23 06:42:26 2024] Failed to register legacy timer interrupt
kern  :info  : [Fri Feb 23 06:42:26 2024] APIC: Switch to symmetric I/O mode setup
kern  :info  : [Fri Feb 23 06:42:26 2024] x2apic enabled
kern  :info  : [Fri Feb 23 06:42:26 2024] Switched APIC routing to physical x2apic.
kern  :info  : [Fri Feb 23 06:42:26 2024] Hyper-V: Using IPI hypercalls
kern  :info  : [Fri Feb 23 06:42:26 2024] Calibrating delay loop (skipped), value calculated using timer frequency.. 5184.01 BogoMIPS (lpj=25920070)
kern  :info  : [Fri Feb 23 06:42:26 2024] Last level iTLB entries: 4KB 64, 2MB 8, 4MB 8
kern  :info  : [Fri Feb 23 06:42:26 2024] Last level dTLB entries: 4KB 64, 2MB 0, 4MB 0, 1GB 4
kern  :info  : [Fri Feb 23 06:42:26 2024] Spectre V1 : Mitigation: usercopy/swapgs barriers and __user pointer sanitization
kern  :info  : [Fri Feb 23 06:42:26 2024] Spectre V2 : Mitigation: Enhanced IBRS
kern  :info  : [Fri Feb 23 06:42:26 2024] Spectre V2 : Spectre v2 / SpectreRSB mitigation: Filling RSB on context switch
kern  :info  : [Fri Feb 23 06:42:26 2024] Spectre V2 : Spectre v2 / PBRSB-eIBRS: Retire a single CALL on VMEXIT
kern  :info  : [Fri Feb 23 06:42:26 2024] RETBleed: Mitigation: Enhanced IBRS
kern  :info  : [Fri Feb 23 06:42:26 2024] Spectre V2 : mitigation: Enabling conditional Indirect Branch Prediction Barrier
kern  :info  : [Fri Feb 23 06:42:26 2024] Speculative Store Bypass: Mitigation: Speculative Store Bypass disabled via prctl and seccomp
kern  :info  : [Fri Feb 23 06:42:26 2024] MMIO Stale Data: Vulnerable: Clear CPU buffers attempted, no microcode
kern  :info  : [Fri Feb 23 06:42:26 2024] SRBDS: Unknown: Dependent on hypervisor status
kern  :info  : [Fri Feb 23 06:42:26 2024] GDS: Unknown: Dependent on hypervisor status
kern  :info  : [Fri Feb 23 06:42:26 2024] x86/fpu: Supporting XSAVE feature 0x001: 'x87 floating point registers'
kern  :info  : [Fri Feb 23 06:42:26 2024] x86/fpu: Supporting XSAVE feature 0x002: 'SSE registers'
kern  :info  : [Fri Feb 23 06:42:26 2024] x86/fpu: Supporting XSAVE feature 0x004: 'AVX registers'
kern  :info  : [Fri Feb 23 06:42:26 2024] x86/fpu: xstate_offset[2]:  576, xstate_sizes[2]:  256
kern  :info  : [Fri Feb 23 06:42:26 2024] x86/fpu: Enabled xstate features 0x7, context size is 832 bytes, using 'compacted' format.
kern  :info  : [Fri Feb 23 06:42:26 2024] Freeing SMP alternatives memory: 60K
kern  :info  : [Fri Feb 23 06:42:26 2024] pid_max: default: 32768 minimum: 301
kern  :info  : [Fri Feb 23 06:42:26 2024] LSM: Security Framework initializing
kern  :info  : [Fri Feb 23 06:42:26 2024] landlock: Up and running.
kern  :info  : [Fri Feb 23 06:42:26 2024] Mount-cache hash table entries: 16384 (order: 5, 131072 bytes, linear)
kern  :info  : [Fri Feb 23 06:42:26 2024] Mountpoint-cache hash table entries: 16384 (order: 5, 131072 bytes, linear)
kern  :info  : [Fri Feb 23 06:42:26 2024] smpboot: CPU0: Intel(R) Core(TM) i7-10750H CPU @ 2.60GHz (family: 0x6, model: 0xa5, stepping: 0x2)
kern  :info  : [Fri Feb 23 06:42:26 2024] Performance Events: Skylake events, 32-deep LBR, full-width counters, Intel PMU driver.
kern  :info  : [Fri Feb 23 06:42:26 2024] ... version:                4
kern  :info  : [Fri Feb 23 06:42:26 2024] ... bit width:              48
kern  :info  : [Fri Feb 23 06:42:26 2024] ... generic registers:      4
kern  :info  : [Fri Feb 23 06:42:26 2024] ... value mask:             0000ffffffffffff
kern  :info  : [Fri Feb 23 06:42:26 2024] ... max period:             00007fffffffffff
kern  :info  : [Fri Feb 23 06:42:26 2024] ... fixed-purpose events:   3
kern  :info  : [Fri Feb 23 06:42:26 2024] ... event mask:             000000070000000f
kern  :info  : [Fri Feb 23 06:42:26 2024] signal: max sigframe size: 1776
kern  :info  : [Fri Feb 23 06:42:26 2024] rcu: Hierarchical SRCU implementation.
kern  :info  : [Fri Feb 23 06:42:26 2024] smp: Bringing up secondary CPUs ...
kern  :info  : [Fri Feb 23 06:42:26 2024] x86: Booting SMP configuration:
kern  :info  : [Fri Feb 23 06:42:26 2024] .... node  #0, CPUs:        #1
kern  :warn  : [Fri Feb 23 06:42:26 2024] MMIO Stale Data CPU bug present and SMT on, data leak possible. See https://www.kernel.org/doc/html/latest/admin-guide/hw-vuln/processor_mmio_stale_data.html for more details.
kern  :alert : [Fri Feb 23 06:42:26 2024]   #2  #3  #4  #5  #6  #7  #8  #9 #10 #11
kern  :info  : [Fri Feb 23 06:42:26 2024] smp: Brought up 1 node, 12 CPUs
kern  :info  : [Fri Feb 23 06:42:26 2024] smpboot: Max logical packages: 1
kern  :info  : [Fri Feb 23 06:42:26 2024] smpboot: Total of 12 processors activated (62208.16 BogoMIPS)
kern  :info  : [Fri Feb 23 06:42:26 2024] node 0 deferred pages initialised in 10ms
kern  :info  : [Fri Feb 23 06:42:26 2024] devtmpfs: initialized
kern  :info  : [Fri Feb 23 06:42:26 2024] x86/mm: Memory block size: 128MB
kern  :info  : [Fri Feb 23 06:42:26 2024] clocksource: jiffies: mask: 0xffffffff max_cycles: 0xffffffff, max_idle_ns: 19112604462750000 ns
kern  :info  : [Fri Feb 23 06:42:26 2024] futex hash table entries: 4096 (order: 6, 262144 bytes, linear)
kern  :info  : [Fri Feb 23 06:42:26 2024] NET: Registered PF_NETLINK/PF_ROUTE protocol family
kern  :info  : [Fri Feb 23 06:42:26 2024] audit: initializing netlink subsys (disabled)
kern  :notice: [Fri Feb 23 06:42:26 2024] audit: type=2000 audit(1708670546.020:1): state=initialized audit_enabled=0 res=1
kern  :info  : [Fri Feb 23 06:42:26 2024] thermal_sys: Registered thermal governor 'step_wise'
kern  :info  : [Fri Feb 23 06:42:26 2024] cpuidle: using governor menu
kern  :info  : [Fri Feb 23 06:42:26 2024] ACPI: bus type PCI registered
kern  :err   : [Fri Feb 23 06:42:26 2024] PCI: Fatal: No config space access function found
kern  :info  : [Fri Feb 23 06:42:26 2024] kprobes: kprobe jump-optimization is enabled. All kprobes are optimized if possible.
kern  :info  : [Fri Feb 23 06:42:26 2024] HugeTLB registered 1.00 GiB page size, pre-allocated 0 pages
kern  :info  : [Fri Feb 23 06:42:26 2024] HugeTLB registered 2.00 MiB page size, pre-allocated 0 pages
kern  :info  : [Fri Feb 23 06:42:26 2024] raid6: skip pq benchmark and using algorithm avx2x4
kern  :info  : [Fri Feb 23 06:42:26 2024] raid6: using avx2x2 recovery algorithm
kern  :info  : [Fri Feb 23 06:42:26 2024] ACPI: Added _OSI(Module Device)
kern  :info  : [Fri Feb 23 06:42:26 2024] ACPI: Added _OSI(Processor Device)
kern  :info  : [Fri Feb 23 06:42:26 2024] ACPI: Added _OSI(3.0 _SCP Extensions)
kern  :info  : [Fri Feb 23 06:42:26 2024] ACPI: Added _OSI(Processor Aggregator Device)
kern  :info  : [Fri Feb 23 06:42:26 2024] ACPI: Added _OSI(Linux-Dell-Video)
kern  :info  : [Fri Feb 23 06:42:26 2024] ACPI: Added _OSI(Linux-Lenovo-NV-HDMI-Audio)
kern  :info  : [Fri Feb 23 06:42:26 2024] ACPI: Added _OSI(Linux-HPI-Hybrid-Graphics)
kern  :info  : [Fri Feb 23 06:42:26 2024] ACPI: 1 ACPI AML tables successfully acquired and loaded
kern  :info  : [Fri Feb 23 06:42:26 2024] ACPI: Interpreter enabled
kern  :info  : [Fri Feb 23 06:42:26 2024] ACPI: PM: (supports S0 S5)
kern  :info  : [Fri Feb 23 06:42:26 2024] ACPI: Using IOAPIC for interrupt routing
kern  :info  : [Fri Feb 23 06:42:26 2024] PCI: Using host bridge windows from ACPI; if necessary, use "pci=nocrs" and report a bug
kern  :info  : [Fri Feb 23 06:42:26 2024] ACPI: Enabled 2 GPEs in block 00 to 0F
kern  :info  : [Fri Feb 23 06:42:26 2024] iommu: Default domain type: Translated 
kern  :info  : [Fri Feb 23 06:42:26 2024] iommu: DMA domain TLB invalidation policy: lazy mode 
kern  :notice: [Fri Feb 23 06:42:26 2024] SCSI subsystem initialized
kern  :info  : [Fri Feb 23 06:42:26 2024] ACPI: bus type USB registered
kern  :info  : [Fri Feb 23 06:42:26 2024] usbcore: registered new interface driver usbfs
kern  :info  : [Fri Feb 23 06:42:26 2024] usbcore: registered new interface driver hub
kern  :info  : [Fri Feb 23 06:42:26 2024] usbcore: registered new device driver usb
kern  :info  : [Fri Feb 23 06:42:26 2024] pps_core: LinuxPPS API ver. 1 registered
kern  :info  : [Fri Feb 23 06:42:26 2024] pps_core: Software ver. 5.3.6 - Copyright 2005-2007 Rodolfo Giometti <giometti@linux.it>
kern  :info  : [Fri Feb 23 06:42:26 2024] PTP clock support registered
kern  :info  : [Fri Feb 23 06:42:26 2024] hv_vmbus: Vmbus version:5.3
kern  :info  : [Fri Feb 23 06:42:26 2024] PCI: Using ACPI for IRQ routing
kern  :warn  : [Fri Feb 23 06:42:26 2024] PCI: System does not support PCI
kern  :info  : [Fri Feb 23 06:42:26 2024] clocksource: Switched to clocksource hyperv_clocksource_tsc_page
kern  :info  : [Fri Feb 23 06:42:26 2024] hv_vmbus: Unknown GUID: c376c1c3-d276-48d2-90a9-c04748072c60
kern  :info  : [Fri Feb 23 06:42:26 2024] hv_vmbus: Unknown GUID: 6e382d18-3336-4f4b-acc4-2b7703d4df4a
kern  :info  : [Fri Feb 23 06:42:26 2024] hv_vmbus: Unknown GUID: dde9cbc0-5060-4436-9448-ea1254a5d177
kern  :notice: [Fri Feb 23 06:42:26 2024] VFS: Disk quotas dquot_6.6.0
kern  :info  : [Fri Feb 23 06:42:26 2024] VFS: Dquot-cache hash table entries: 512 (order 0, 4096 bytes)
kern  :notice: [Fri Feb 23 06:42:26 2024] FS-Cache: Loaded
kern  :info  : [Fri Feb 23 06:42:26 2024] pnp: PnP ACPI init
kern  :info  : [Fri Feb 23 06:42:26 2024] pnp: PnP ACPI: found 1 devices
kern  :info  : [Fri Feb 23 06:42:26 2024] NET: Registered PF_INET protocol family
kern  :info  : [Fri Feb 23 06:42:26 2024] IP idents hash table entries: 131072 (order: 8, 1048576 bytes, linear)
kern  :info  : [Fri Feb 23 06:42:26 2024] tcp_listen_portaddr_hash hash table entries: 4096 (order: 4, 65536 bytes, linear)
kern  :info  : [Fri Feb 23 06:42:26 2024] Table-perturb hash table entries: 65536 (order: 6, 262144 bytes, linear)
kern  :info  : [Fri Feb 23 06:42:26 2024] TCP established hash table entries: 65536 (order: 7, 524288 bytes, linear)
kern  :info  : [Fri Feb 23 06:42:26 2024] TCP bind hash table entries: 65536 (order: 8, 1048576 bytes, linear)
kern  :info  : [Fri Feb 23 06:42:26 2024] TCP: Hash tables configured (established 65536 bind 65536)
kern  :info  : [Fri Feb 23 06:42:26 2024] UDP hash table entries: 4096 (order: 5, 131072 bytes, linear)
kern  :info  : [Fri Feb 23 06:42:26 2024] UDP-Lite hash table entries: 4096 (order: 5, 131072 bytes, linear)
kern  :info  : [Fri Feb 23 06:42:26 2024] NET: Registered PF_UNIX/PF_LOCAL protocol family
kern  :info  : [Fri Feb 23 06:42:26 2024] RPC: Registered named UNIX socket transport module.
kern  :info  : [Fri Feb 23 06:42:26 2024] RPC: Registered udp transport module.
kern  :info  : [Fri Feb 23 06:42:26 2024] RPC: Registered tcp transport module.
kern  :info  : [Fri Feb 23 06:42:26 2024] RPC: Registered tcp NFSv4.1 backchannel transport module.
kern  :info  : [Fri Feb 23 06:42:26 2024] PCI: CLS 0 bytes, default 64
kern  :info  : [Fri Feb 23 06:42:26 2024] PCI-DMA: Using software bounce buffering for IO (SWIOTLB)
kern  :info  : [Fri Feb 23 06:42:26 2024] software IO TLB: mapped [mem 0x00000000f4000000-0x00000000f8000000] (64MB)
kern  :info  : [Fri Feb 23 06:42:26 2024] Trying to unpack rootfs image as initramfs...
kern  :info  : [Fri Feb 23 06:42:26 2024] KVM: vmx: using Hyper-V Enlightened VMCS
kern  :info  : [Fri Feb 23 06:42:26 2024] Freeing initrd memory: 2056K
kern  :err   : [Fri Feb 23 06:42:26 2024] kvm: already loaded the other module
kern  :notice: [Fri Feb 23 06:42:26 2024] Initialise system trusted keyrings
kern  :info  : [Fri Feb 23 06:42:26 2024] workingset: timestamp_bits=46 max_order=21 bucket_order=0
kern  :info  : [Fri Feb 23 06:42:26 2024] squashfs: version 4.0 (2009/01/31) Phillip Lougher
kern  :notice: [Fri Feb 23 06:42:26 2024] NFS: Registering the id_resolver key type
kern  :notice: [Fri Feb 23 06:42:26 2024] Key type id_resolver registered
kern  :notice: [Fri Feb 23 06:42:26 2024] Key type id_legacy registered
kern  :info  : [Fri Feb 23 06:42:26 2024] nfs4filelayout_init: NFSv4 File Layout Driver Registering...
kern  :info  : [Fri Feb 23 06:42:26 2024] nfs4flexfilelayout_init: NFSv4 Flexfile Layout Driver Registering...
kern  :info  : [Fri Feb 23 06:42:26 2024] Installing knfsd (copyright (C) 1996 okir@monad.swb.de).
kern  :notice: [Fri Feb 23 06:42:26 2024] Key type cifs.idmap registered
kern  :info  : [Fri Feb 23 06:42:26 2024] fuse: init (API version 7.34)
kern  :info  : [Fri Feb 23 06:42:26 2024] SGI XFS with ACLs, security attributes, realtime, scrub, repair, quota, no debug enabled
kern  :info  : [Fri Feb 23 06:42:26 2024] 9p: Installing v9fs 9p2000 file system support
kern  :notice: [Fri Feb 23 06:42:26 2024] FS-Cache: Netfs '9p' registered for caching
kern  :notice: [Fri Feb 23 06:42:26 2024] FS-Cache: Netfs 'ceph' registered for caching
kern  :info  : [Fri Feb 23 06:42:26 2024] ceph: loaded (mds proto 32)
kern  :info  : [Fri Feb 23 06:42:26 2024] NET: Registered PF_ALG protocol family
kern  :info  : [Fri Feb 23 06:42:26 2024] xor: automatically using best checksumming function   avx       
kern  :notice: [Fri Feb 23 06:42:26 2024] Key type asymmetric registered
kern  :notice: [Fri Feb 23 06:42:26 2024] Asymmetric key parser 'x509' registered
kern  :info  : [Fri Feb 23 06:42:26 2024] Block layer SCSI generic (bsg) driver version 0.4 loaded (major 248)
kern  :info  : [Fri Feb 23 06:42:26 2024] hv_vmbus: registering driver hv_pci
kern  :info  : [Fri Feb 23 06:42:26 2024] hv_pci 69527e8f-2672-4000-a22b-35a94732f344: PCI VMBus probing: Using version 0x10004
kern  :info  : [Fri Feb 23 06:42:26 2024] hv_pci 69527e8f-2672-4000-a22b-35a94732f344: PCI host bridge to bus 2672:00
kern  :info  : [Fri Feb 23 06:42:26 2024] pci_bus 2672:00: root bus resource [mem 0x9ffe00000-0x9ffe02fff window]
kern  :info  : [Fri Feb 23 06:42:26 2024] pci_bus 2672:00: No busn resource found for root bus, will use [bus 00-ff]
kern  :info  : [Fri Feb 23 06:42:26 2024] pci 2672:00:00.0: [1af4:1043] type 00 class 0x010000
kern  :info  : [Fri Feb 23 06:42:26 2024] pci 2672:00:00.0: reg 0x10: [mem 0x9ffe00000-0x9ffe00fff 64bit]
kern  :info  : [Fri Feb 23 06:42:26 2024] pci 2672:00:00.0: reg 0x18: [mem 0x9ffe01000-0x9ffe01fff 64bit]
kern  :info  : [Fri Feb 23 06:42:26 2024] pci 2672:00:00.0: reg 0x20: [mem 0x9ffe02000-0x9ffe02fff 64bit]
kern  :info  : [Fri Feb 23 06:42:26 2024] pci_bus 2672:00: busn_res: [bus 00-ff] end is updated to 00
kern  :info  : [Fri Feb 23 06:42:26 2024] pci 2672:00:00.0: BAR 0: assigned [mem 0x9ffe00000-0x9ffe00fff 64bit]
kern  :info  : [Fri Feb 23 06:42:26 2024] pci 2672:00:00.0: BAR 2: assigned [mem 0x9ffe01000-0x9ffe01fff 64bit]
kern  :info  : [Fri Feb 23 06:42:26 2024] pci 2672:00:00.0: BAR 4: assigned [mem 0x9ffe02000-0x9ffe02fff 64bit]
kern  :info  : [Fri Feb 23 06:42:26 2024] hv_pci d7c29eff-f320-4b63-8175-716c9443ed3b: PCI VMBus probing: Using version 0x10004
kern  :info  : [Fri Feb 23 06:42:26 2024] hv_pci d7c29eff-f320-4b63-8175-716c9443ed3b: PCI host bridge to bus f320:00
kern  :info  : [Fri Feb 23 06:42:26 2024] pci_bus f320:00: No busn resource found for root bus, will use [bus 00-ff]
kern  :info  : [Fri Feb 23 06:42:26 2024] pci f320:00:00.0: [1414:008e] type 00 class 0x030200
kern  :info  : [Fri Feb 23 06:42:26 2024] pci_bus f320:00: busn_res: [bus 00-ff] end is updated to 00
kern  :info  : [Fri Feb 23 06:42:26 2024] hv_pci d2ab7a3d-ba45-44a7-b258-c6f12597a897: PCI VMBus probing: Using version 0x10004
kern  :info  : [Fri Feb 23 06:42:26 2024] hv_pci d2ab7a3d-ba45-44a7-b258-c6f12597a897: PCI host bridge to bus ba45:00
kern  :info  : [Fri Feb 23 06:42:26 2024] pci_bus ba45:00: root bus resource [mem 0x9ffe04000-0x9ffe06fff window]
kern  :info  : [Fri Feb 23 06:42:26 2024] pci_bus ba45:00: No busn resource found for root bus, will use [bus 00-ff]
kern  :info  : [Fri Feb 23 06:42:26 2024] pci ba45:00:00.0: [1af4:1049] type 00 class 0x010000
kern  :info  : [Fri Feb 23 06:42:26 2024] pci ba45:00:00.0: reg 0x10: [mem 0x9ffe04000-0x9ffe04fff 64bit]
kern  :info  : [Fri Feb 23 06:42:26 2024] pci ba45:00:00.0: reg 0x18: [mem 0x9ffe05000-0x9ffe05fff 64bit]
kern  :info  : [Fri Feb 23 06:42:26 2024] pci ba45:00:00.0: reg 0x20: [mem 0x9ffe06000-0x9ffe06fff 64bit]
kern  :info  : [Fri Feb 23 06:42:26 2024] pci_bus ba45:00: busn_res: [bus 00-ff] end is updated to 00
kern  :info  : [Fri Feb 23 06:42:26 2024] pci ba45:00:00.0: BAR 0: assigned [mem 0x9ffe04000-0x9ffe04fff 64bit]
kern  :info  : [Fri Feb 23 06:42:26 2024] pci ba45:00:00.0: BAR 2: assigned [mem 0x9ffe05000-0x9ffe05fff 64bit]
kern  :info  : [Fri Feb 23 06:42:26 2024] pci ba45:00:00.0: BAR 4: assigned [mem 0x9ffe06000-0x9ffe06fff 64bit]
kern  :info  : [Fri Feb 23 06:42:26 2024] ACPI: AC: AC Adapter [AC1] (on-line)
kern  :info  : [Fri Feb 23 06:42:26 2024] ACPI: battery: Slot [BAT1] (battery present)
kern  :info  : [Fri Feb 23 06:42:26 2024] Serial: 8250/16550 driver, 4 ports, IRQ sharing disabled
kern  :info  : [Fri Feb 23 06:42:26 2024] Non-volatile memory driver v1.3
kern  :info  : [Fri Feb 23 06:42:26 2024] [drm] Initialized vgem 1.0.0 20120112 for vgem on minor 0
kern  :info  : [Fri Feb 23 06:42:26 2024] printk: console [hvc0] enabled
kern  :info  : [Fri Feb 23 06:42:26 2024] brd: module loaded
kern  :info  : [Fri Feb 23 06:42:26 2024] loop: module loaded
kern  :info  : [Fri Feb 23 06:42:26 2024] hv_vmbus: registering driver hv_storvsc
kern  :info  : [Fri Feb 23 06:42:26 2024] wireguard: WireGuard 1.0.0 loaded. See www.wireguard.com for information.
kern  :info  : [Fri Feb 23 06:42:26 2024] wireguard: Copyright (C) 2015-2019 Jason A. Donenfeld <Jason@zx2c4.com>. All Rights Reserved.
kern  :info  : [Fri Feb 23 06:42:26 2024] scsi host0: storvsc_host_t
kern  :info  : [Fri Feb 23 06:42:26 2024] tun: Universal TUN/TAP device driver, 1.6
kern  :info  : [Fri Feb 23 06:42:26 2024] PPP generic driver version 2.4.2
kern  :info  : [Fri Feb 23 06:42:26 2024] PPP BSD Compression module registered
kern  :info  : [Fri Feb 23 06:42:26 2024] PPP Deflate Compression module registered
kern  :info  : [Fri Feb 23 06:42:26 2024] PPP MPPE Compression module registered
kern  :info  : [Fri Feb 23 06:42:26 2024] NET: Registered PF_PPPOX protocol family
kern  :info  : [Fri Feb 23 06:42:26 2024] usbcore: registered new interface driver cdc_ether
kern  :info  : [Fri Feb 23 06:42:26 2024] usbcore: registered new interface driver cdc_ncm
kern  :info  : [Fri Feb 23 06:42:26 2024] usbcore: registered new interface driver r8153_ecm
kern  :info  : [Fri Feb 23 06:42:26 2024] hv_vmbus: registering driver hv_netvsc
kern  :info  : [Fri Feb 23 06:42:26 2024] VFIO - User Level meta-driver version: 0.3
kern  :info  : [Fri Feb 23 06:42:26 2024] usbcore: registered new interface driver cdc_acm
kern  :info  : [Fri Feb 23 06:42:26 2024] cdc_acm: USB Abstract Control Model driver for USB modems and ISDN adapters
kern  :info  : [Fri Feb 23 06:42:26 2024] usbcore: registered new interface driver ch341
kern  :info  : [Fri Feb 23 06:42:26 2024] usbserial: USB Serial support registered for ch341-uart
kern  :info  : [Fri Feb 23 06:42:26 2024] usbcore: registered new interface driver cp210x
kern  :info  : [Fri Feb 23 06:42:26 2024] usbserial: USB Serial support registered for cp210x
kern  :info  : [Fri Feb 23 06:42:26 2024] usbcore: registered new interface driver ftdi_sio
kern  :info  : [Fri Feb 23 06:42:26 2024] usbserial: USB Serial support registered for FTDI USB Serial Device
kern  :info  : [Fri Feb 23 06:42:26 2024] vhci_hcd vhci_hcd.0: USB/IP Virtual Host Controller
kern  :info  : [Fri Feb 23 06:42:26 2024] vhci_hcd vhci_hcd.0: new USB bus registered, assigned bus number 1
kern  :info  : [Fri Feb 23 06:42:26 2024] vhci_hcd: created sysfs vhci_hcd.0
kern  :info  : [Fri Feb 23 06:42:26 2024] usb usb1: New USB device found, idVendor=1d6b, idProduct=0002, bcdDevice= 5.15
kern  :info  : [Fri Feb 23 06:42:26 2024] usb usb1: New USB device strings: Mfr=3, Product=2, SerialNumber=1
kern  :info  : [Fri Feb 23 06:42:26 2024] usb usb1: Product: USB/IP Virtual Host Controller
kern  :info  : [Fri Feb 23 06:42:26 2024] usb usb1: Manufacturer: Linux 5.15.133.1-microsoft-standard-WSL2 vhci_hcd
kern  :info  : [Fri Feb 23 06:42:26 2024] usb usb1: SerialNumber: vhci_hcd.0
kern  :info  : [Fri Feb 23 06:42:26 2024] hub 1-0:1.0: USB hub found
kern  :info  : [Fri Feb 23 06:42:26 2024] hub 1-0:1.0: 8 ports detected
kern  :info  : [Fri Feb 23 06:42:26 2024] vhci_hcd vhci_hcd.0: USB/IP Virtual Host Controller
kern  :info  : [Fri Feb 23 06:42:26 2024] vhci_hcd vhci_hcd.0: new USB bus registered, assigned bus number 2
kern  :info  : [Fri Feb 23 06:42:26 2024] usb usb2: We don't know the algorithms for LPM for this host, disabling LPM.
kern  :info  : [Fri Feb 23 06:42:26 2024] usb usb2: New USB device found, idVendor=1d6b, idProduct=0003, bcdDevice= 5.15
kern  :info  : [Fri Feb 23 06:42:26 2024] usb usb2: New USB device strings: Mfr=3, Product=2, SerialNumber=1
kern  :info  : [Fri Feb 23 06:42:26 2024] usb usb2: Product: USB/IP Virtual Host Controller
kern  :info  : [Fri Feb 23 06:42:26 2024] usb usb2: Manufacturer: Linux 5.15.133.1-microsoft-standard-WSL2 vhci_hcd
kern  :info  : [Fri Feb 23 06:42:26 2024] usb usb2: SerialNumber: vhci_hcd.0
kern  :info  : [Fri Feb 23 06:42:26 2024] hub 2-0:1.0: USB hub found
kern  :info  : [Fri Feb 23 06:42:26 2024] hub 2-0:1.0: 8 ports detected
kern  :info  : [Fri Feb 23 06:42:26 2024] hv_vmbus: registering driver hyperv_keyboard
kern  :info  : [Fri Feb 23 06:42:26 2024] rtc_cmos 00:00: RTC can wake from S4
kern  :info  : [Fri Feb 23 06:42:26 2024] rtc_cmos 00:00: registered as rtc0
kern  :info  : [Fri Feb 23 06:42:26 2024] rtc_cmos 00:00: setting system clock to 2024-02-23T06:42:26 UTC (1708670546)
kern  :info  : [Fri Feb 23 06:42:26 2024] rtc_cmos 00:00: alarms up to one month, 114 bytes nvram
kern  :info  : [Fri Feb 23 06:42:26 2024] device-mapper: ioctl: 4.45.0-ioctl (2021-03-22) initialised: dm-devel@redhat.com
kern  :info  : [Fri Feb 23 06:42:26 2024] device-mapper: raid: Loading target version 1.15.1
kern  :info  : [Fri Feb 23 06:42:26 2024] usbcore: registered new interface driver usbhid
kern  :info  : [Fri Feb 23 06:42:26 2024] usbhid: USB HID core driver
kern  :info  : [Fri Feb 23 06:42:26 2024] hv_utils: Registering HyperV Utility Driver
kern  :info  : [Fri Feb 23 06:42:26 2024] hv_vmbus: registering driver hv_utils
kern  :info  : [Fri Feb 23 06:42:26 2024] hv_vmbus: registering driver hv_balloon
kern  :info  : [Fri Feb 23 06:42:26 2024] hv_utils: TimeSync IC version 4.0
kern  :info  : [Fri Feb 23 06:42:26 2024] hv_vmbus: registering driver dxgkrnl
kern  :info  : [Fri Feb 23 06:42:26 2024] hv_balloon: Using Dynamic Memory protocol version 2.0
kern  :info  : [Fri Feb 23 06:42:26 2024] drop_monitor: Initializing network drop monitor service
kern  :info  : [Fri Feb 23 06:42:26 2024] Free page reporting enabled
kern  :info  : [Fri Feb 23 06:42:26 2024] hv_balloon: Cold memory discard hint enabled with order 9
kern  :info  : [Fri Feb 23 06:42:26 2024] Mirror/redirect action on
kern  :info  : [Fri Feb 23 06:42:26 2024] u32 classifier
kern  :info  : [Fri Feb 23 06:42:26 2024]     Performance counters on
kern  :info  : [Fri Feb 23 06:42:26 2024]     input device check on
kern  :info  : [Fri Feb 23 06:42:26 2024]     Actions configured
kern  :info  : [Fri Feb 23 06:42:26 2024] IPVS: Registered protocols (TCP, UDP)
kern  :info  : [Fri Feb 23 06:42:26 2024] IPVS: Connection hash table configured (size=4096, memory=32Kbytes)
kern  :info  : [Fri Feb 23 06:42:26 2024] IPVS: ipvs loaded.
kern  :info  : [Fri Feb 23 06:42:26 2024] IPVS: [rr] scheduler registered.
kern  :info  : [Fri Feb 23 06:42:26 2024] IPVS: [wrr] scheduler registered.
kern  :info  : [Fri Feb 23 06:42:26 2024] IPVS: [sh] scheduler registered.
kern  :info  : [Fri Feb 23 06:42:26 2024] ipip: IPv4 and MPLS over IPv4 tunneling driver
kern  :info  : [Fri Feb 23 06:42:26 2024] ipt_CLUSTERIP: ClusterIP Version 0.8 loaded successfully
kern  :info  : [Fri Feb 23 06:42:26 2024] Initializing XFRM netlink socket
kern  :info  : [Fri Feb 23 06:42:26 2024] NET: Registered PF_INET6 protocol family
kern  :info  : [Fri Feb 23 06:42:26 2024] Segment Routing with IPv6
kern  :info  : [Fri Feb 23 06:42:26 2024] In-situ OAM (IOAM) with IPv6
kern  :info  : [Fri Feb 23 06:42:26 2024] sit: IPv6, IPv4 and MPLS over IPv4 tunneling driver
kern  :info  : [Fri Feb 23 06:42:26 2024] NET: Registered PF_PACKET protocol family
kern  :notice: [Fri Feb 23 06:42:26 2024] Bridge firewalling registered
kern  :info  : [Fri Feb 23 06:42:26 2024] 8021q: 802.1Q VLAN Support v1.8
kern  :info  : [Fri Feb 23 06:42:26 2024] sctp: Hash tables configured (bind 256/256)
kern  :info  : [Fri Feb 23 06:42:26 2024] 9pnet: Installing 9P2000 support
kern  :notice: [Fri Feb 23 06:42:26 2024] Key type dns_resolver registered
kern  :notice: [Fri Feb 23 06:42:26 2024] Key type ceph registered
kern  :info  : [Fri Feb 23 06:42:26 2024] libceph: loaded (mon/osd proto 15/24)
kern  :info  : [Fri Feb 23 06:42:26 2024] NET: Registered PF_VSOCK protocol family
kern  :info  : [Fri Feb 23 06:42:26 2024] hv_vmbus: registering driver hv_sock
kern  :info  : [Fri Feb 23 06:42:26 2024] IPI shorthand broadcast: enabled
kern  :info  : [Fri Feb 23 06:42:26 2024] sched_clock: Marking stable (627045100, 7684600)->(662800500, -28070800)
kern  :info  : [Fri Feb 23 06:42:26 2024] registered taskstats version 1
kern  :notice: [Fri Feb 23 06:42:26 2024] Loading compiled-in X.509 certificates
kern  :info  : [Fri Feb 23 06:42:26 2024] Btrfs loaded, crc32c=crc32c-generic, zoned=no, fsverity=no
kern  :info  : [Fri Feb 23 06:42:26 2024] Freeing unused kernel image (initmem) memory: 2008K
kern  :info  : [Fri Feb 23 06:42:26 2024] Write protecting the kernel read-only data: 30720k
kern  :info  : [Fri Feb 23 06:42:26 2024] Freeing unused kernel image (text/rodata gap) memory: 2024K
kern  :info  : [Fri Feb 23 06:42:26 2024] Freeing unused kernel image (rodata/data gap) memory: 504K
kern  :info  : [Fri Feb 23 06:42:26 2024] Run /init as init process
kern  :debug : [Fri Feb 23 06:42:26 2024]   with arguments:
kern  :debug : [Fri Feb 23 06:42:26 2024]     /init
kern  :debug : [Fri Feb 23 06:42:26 2024]   with environment:
kern  :debug : [Fri Feb 23 06:42:26 2024]     HOME=/
kern  :debug : [Fri Feb 23 06:42:26 2024]     TERM=linux
kern  :debug : [Fri Feb 23 06:42:26 2024]     WSL_ROOT_INIT=1
kern  :notice: [Fri Feb 23 06:42:26 2024] scsi 0:0:0:0: Direct-Access     Msft     Virtual Disk     1.0  PQ: 0 ANSI: 5
kern  :notice: [Fri Feb 23 06:42:26 2024] sd 0:0:0:0: Attached scsi generic sg0 type 0
kern  :notice: [Fri Feb 23 06:42:26 2024] sd 0:0:0:0: [sda] 798352 512-byte logical blocks: (409 MB/390 MiB)
kern  :notice: [Fri Feb 23 06:42:26 2024] sd 0:0:0:0: [sda] Write Protect is on
kern  :debug : [Fri Feb 23 06:42:26 2024] sd 0:0:0:0: [sda] Mode Sense: 0f 00 80 00
kern  :notice: [Fri Feb 23 06:42:26 2024] sd 0:0:0:0: [sda] Write cache: disabled, read cache: enabled, doesn't support DPO or FUA
kern  :notice: [Fri Feb 23 06:42:26 2024] sd 0:0:0:0: [sda] Attached SCSI disk
kern  :notice: [Fri Feb 23 06:42:26 2024] scsi 0:0:0:1: Direct-Access     Msft     Virtual Disk     1.0  PQ: 0 ANSI: 5
kern  :info  : [Fri Feb 23 06:42:26 2024] EXT4-fs (sda): mounted filesystem without journal. Opts: (null). Quota mode: none.
kern  :notice: [Fri Feb 23 06:42:26 2024] sd 0:0:0:1: Attached scsi generic sg1 type 0
kern  :notice: [Fri Feb 23 06:42:26 2024] sd 0:0:0:1: [sdb] 4194312 512-byte logical blocks: (2.15 GB/2.00 GiB)
kern  :notice: [Fri Feb 23 06:42:26 2024] sd 0:0:0:1: [sdb] 4096-byte physical blocks
kern  :notice: [Fri Feb 23 06:42:26 2024] sd 0:0:0:1: [sdb] Write Protect is off
kern  :debug : [Fri Feb 23 06:42:26 2024] sd 0:0:0:1: [sdb] Mode Sense: 0f 00 00 00
kern  :notice: [Fri Feb 23 06:42:26 2024] sd 0:0:0:1: [sdb] Write cache: enabled, read cache: enabled, doesn't support DPO or FUA
kern  :notice: [Fri Feb 23 06:42:26 2024] sd 0:0:0:1: [sdb] Attached SCSI disk
kern  :info  : [Fri Feb 23 06:42:26 2024] Adding 2097152k swap on /dev/sdb.  Priority:-2 extents:1 across:2097152k 
kern  :info  : [Fri Feb 23 06:42:26 2024] IPv6: ADDRCONF(NETDEV_CHANGE): eth0: link becomes ready
kern  :info  : [Fri Feb 23 06:42:27 2024] hv_pci fc585ac8-c02e-4e3d-9679-bd63ad368042: PCI VMBus probing: Using version 0x10004
kern  :info  : [Fri Feb 23 06:42:27 2024] hv_pci fc585ac8-c02e-4e3d-9679-bd63ad368042: PCI host bridge to bus c02e:00
kern  :info  : [Fri Feb 23 06:42:27 2024] pci_bus c02e:00: root bus resource [mem 0xc00000000-0xe00001fff window]
kern  :info  : [Fri Feb 23 06:42:27 2024] pci_bus c02e:00: No busn resource found for root bus, will use [bus 00-ff]
kern  :info  : [Fri Feb 23 06:42:27 2024] pci c02e:00:00.0: [1af4:105a] type 00 class 0x088000
kern  :info  : [Fri Feb 23 06:42:27 2024] pci c02e:00:00.0: reg 0x10: [mem 0xe00000000-0xe00000fff 64bit]
kern  :info  : [Fri Feb 23 06:42:27 2024] pci c02e:00:00.0: reg 0x18: [mem 0xe00001000-0xe00001fff 64bit]
kern  :info  : [Fri Feb 23 06:42:27 2024] pci c02e:00:00.0: reg 0x20: [mem 0xc00000000-0xdffffffff 64bit]
kern  :info  : [Fri Feb 23 06:42:27 2024] pci_bus c02e:00: busn_res: [bus 00-ff] end is updated to 00
kern  :info  : [Fri Feb 23 06:42:27 2024] pci c02e:00:00.0: BAR 4: assigned [mem 0xc00000000-0xdffffffff 64bit]
kern  :info  : [Fri Feb 23 06:42:27 2024] pci c02e:00:00.0: BAR 0: assigned [mem 0xe00000000-0xe00000fff 64bit]
kern  :info  : [Fri Feb 23 06:42:27 2024] pci c02e:00:00.0: BAR 2: assigned [mem 0xe00001000-0xe00001fff 64bit]
kern  :notice: [Fri Feb 23 06:42:27 2024] virtiofs virtio2: Cache len: 0x200000000 @ 0xc00000000
kern  :info  : [Fri Feb 23 06:42:27 2024] memmap_init_zone_device initialised 2097152 pages in 50ms
kern  :err   : [Fri Feb 23 06:42:27 2024] FS-Cache: Duplicate cookie detected
kern  :err   : [Fri Feb 23 06:42:27 2024] FS-Cache: O-cookie c=00000004 [p=00000002 fl=222 nc=0 na=1]
kern  :err   : [Fri Feb 23 06:42:27 2024] FS-Cache: O-cookie d=000000004b0027b0{9P.session} n=00000000597a8b0e
kern  :err   : [Fri Feb 23 06:42:27 2024] FS-Cache: O-key=[10] '34323934393337343037'
kern  :err   : [Fri Feb 23 06:42:27 2024] FS-Cache: N-cookie c=00000005 [p=00000002 fl=2 nc=0 na=1]
kern  :err   : [Fri Feb 23 06:42:27 2024] FS-Cache: N-cookie d=000000004b0027b0{9P.session} n=00000000864f3fd3
kern  :err   : [Fri Feb 23 06:42:27 2024] FS-Cache: N-key=[10] '34323934393337343037'
kern  :notice: [Fri Feb 23 06:42:27 2024] scsi 0:0:0:2: Direct-Access     Msft     Virtual Disk     1.0  PQ: 0 ANSI: 5
kern  :notice: [Fri Feb 23 06:42:27 2024] sd 0:0:0:2: Attached scsi generic sg2 type 0
kern  :notice: [Fri Feb 23 06:42:27 2024] sd 0:0:0:2: [sdc] 2147483648 512-byte logical blocks: (1.10 TB/1.00 TiB)
kern  :notice: [Fri Feb 23 06:42:27 2024] sd 0:0:0:2: [sdc] 4096-byte physical blocks
kern  :notice: [Fri Feb 23 06:42:27 2024] sd 0:0:0:2: [sdc] Write Protect is off
kern  :debug : [Fri Feb 23 06:42:27 2024] sd 0:0:0:2: [sdc] Mode Sense: 0f 00 00 00
kern  :notice: [Fri Feb 23 06:42:27 2024] sd 0:0:0:2: [sdc] Write cache: enabled, read cache: enabled, doesn't support DPO or FUA
kern  :notice: [Fri Feb 23 06:42:27 2024] sd 0:0:0:2: [sdc] Attached SCSI disk
kern  :info  : [Fri Feb 23 06:42:27 2024] EXT4-fs (sdc): recovery complete
kern  :info  : [Fri Feb 23 06:42:27 2024] EXT4-fs (sdc): mounted filesystem with ordered data mode. Opts: discard,errors=remount-ro,data=ordered. Quota mode: none.
user  :alert : [Fri Feb 23 06:42:27 2024] /sbin/ldconfig: 
user  :alert : [Fri Feb 23 06:42:27 2024] /usr/lib/wsl/lib/libcuda.so.1 is not a symbolic link

kern  :info  : [Fri Feb 23 06:42:27 2024] hv_pci a134978b-3986-43be-b358-3ad00654bbf6: PCI VMBus probing: Using version 0x10004
kern  :info  : [Fri Feb 23 06:42:27 2024] hv_pci a134978b-3986-43be-b358-3ad00654bbf6: PCI host bridge to bus 3986:00
kern  :info  : [Fri Feb 23 06:42:27 2024] pci_bus 3986:00: root bus resource [mem 0x9ffe08000-0x9ffe0afff window]
kern  :info  : [Fri Feb 23 06:42:27 2024] pci_bus 3986:00: No busn resource found for root bus, will use [bus 00-ff]
kern  :info  : [Fri Feb 23 06:42:27 2024] pci 3986:00:00.0: [1af4:1049] type 00 class 0x010000
kern  :info  : [Fri Feb 23 06:42:27 2024] pci 3986:00:00.0: reg 0x10: [mem 0x9ffe08000-0x9ffe08fff 64bit]
kern  :info  : [Fri Feb 23 06:42:27 2024] pci 3986:00:00.0: reg 0x18: [mem 0x9ffe09000-0x9ffe09fff 64bit]
kern  :info  : [Fri Feb 23 06:42:27 2024] pci 3986:00:00.0: reg 0x20: [mem 0x9ffe0a000-0x9ffe0afff 64bit]
kern  :info  : [Fri Feb 23 06:42:28 2024] pci_bus 3986:00: busn_res: [bus 00-ff] end is updated to 00
kern  :info  : [Fri Feb 23 06:42:28 2024] pci 3986:00:00.0: BAR 0: assigned [mem 0x9ffe08000-0x9ffe08fff 64bit]
kern  :info  : [Fri Feb 23 06:42:28 2024] pci 3986:00:00.0: BAR 2: assigned [mem 0x9ffe09000-0x9ffe09fff 64bit]
kern  :info  : [Fri Feb 23 06:42:28 2024] pci 3986:00:00.0: BAR 4: assigned [mem 0x9ffe0a000-0x9ffe0afff 64bit]
user  :err   : [Fri Feb 23 06:42:28 2024] WSL (1) ERROR: ConfigApplyWindowsLibPath:2529: open /etc/ld.so.conf.d/ld.wsl.conf
user  :alert : [Fri Feb 23 06:42:28 2024]  failed 2
kern  :info  : [Fri Feb 23 06:42:28 2024] hv_pci bb344c07-a14b-4a47-afb5-ccd28380739b: PCI VMBus probing: Using version 0x10004
kern  :info  : [Fri Feb 23 06:42:28 2024] hv_pci bb344c07-a14b-4a47-afb5-ccd28380739b: PCI host bridge to bus a14b:00
kern  :info  : [Fri Feb 23 06:42:28 2024] pci_bus a14b:00: root bus resource [mem 0x9ffe0c000-0x9ffe0efff window]
kern  :info  : [Fri Feb 23 06:42:28 2024] pci_bus a14b:00: No busn resource found for root bus, will use [bus 00-ff]
kern  :info  : [Fri Feb 23 06:42:28 2024] pci a14b:00:00.0: [1af4:1049] type 00 class 0x010000
kern  :info  : [Fri Feb 23 06:42:28 2024] pci a14b:00:00.0: reg 0x10: [mem 0x9ffe0c000-0x9ffe0cfff 64bit]
kern  :info  : [Fri Feb 23 06:42:28 2024] pci a14b:00:00.0: reg 0x18: [mem 0x9ffe0d000-0x9ffe0dfff 64bit]
user  :warn  : [Fri Feb 23 06:42:28 2024] WSL (1) WARNING: /usr/share/zoneinfo/Europe/Berlin not found. Is the tzdata package installed?
kern  :info  : [Fri Feb 23 06:42:28 2024] pci a14b:00:00.0: reg 0x20: [mem 0x9ffe0e000-0x9ffe0efff 64bit]
kern  :info  : [Fri Feb 23 06:42:28 2024] pci_bus a14b:00: busn_res: [bus 00-ff] end is updated to 00
kern  :info  : [Fri Feb 23 06:42:28 2024] pci a14b:00:00.0: BAR 0: assigned [mem 0x9ffe0c000-0x9ffe0cfff 64bit]
kern  :info  : [Fri Feb 23 06:42:28 2024] pci a14b:00:00.0: BAR 2: assigned [mem 0x9ffe0d000-0x9ffe0dfff 64bit]
kern  :info  : [Fri Feb 23 06:42:28 2024] pci a14b:00:00.0: BAR 4: assigned [mem 0x9ffe0e000-0x9ffe0efff 64bit]
kern  :err   : [Fri Feb 23 06:42:28 2024] misc dxg: dxgk: dxgkio_query_adapter_info: Ioctl failed: -22
kern  :err   : [Fri Feb 23 06:42:28 2024] misc dxg: dxgk: dxgkio_query_adapter_info: Ioctl failed: -22
kern  :err   : [Fri Feb 23 06:42:28 2024] misc dxg: dxgk: dxgkio_query_adapter_info: Ioctl failed: -22
kern  :err   : [Fri Feb 23 06:42:28 2024] misc dxg: dxgk: dxgkio_query_adapter_info: Ioctl failed: -2
kern  :notice: [Fri Feb 23 06:42:28 2024] scsi 0:0:0:3: Direct-Access     Msft     Virtual Disk     1.0  PQ: 0 ANSI: 5
kern  :notice: [Fri Feb 23 06:42:28 2024] sd 0:0:0:3: Attached scsi generic sg3 type 0
kern  :notice: [Fri Feb 23 06:42:28 2024] sd 0:0:0:3: [sdd] 2147483648 512-byte logical blocks: (1.10 TB/1.00 TiB)
kern  :notice: [Fri Feb 23 06:42:28 2024] sd 0:0:0:3: [sdd] 4096-byte physical blocks
kern  :notice: [Fri Feb 23 06:42:28 2024] sd 0:0:0:3: [sdd] Write Protect is off
kern  :debug : [Fri Feb 23 06:42:28 2024] sd 0:0:0:3: [sdd] Mode Sense: 0f 00 00 00
kern  :notice: [Fri Feb 23 06:42:28 2024] sd 0:0:0:3: [sdd] Write cache: enabled, read cache: enabled, doesn't support DPO or FUA
kern  :notice: [Fri Feb 23 06:42:28 2024] sd 0:0:0:3: [sdd] Attached SCSI disk
kern  :info  : [Fri Feb 23 06:42:30 2024] EXT4-fs (sdd): recovery complete
kern  :info  : [Fri Feb 23 06:42:30 2024] EXT4-fs (sdd): mounted filesystem with ordered data mode. Opts: discard,errors=remount-ro,data=ordered. Quota mode: none.
user  :alert : [Fri Feb 23 06:42:30 2024] /sbin/ldconfig: 
user  :alert : [Fri Feb 23 06:42:30 2024] /usr/lib/wsl/lib/libcuda.so.1 is not a symbolic link

kern  :info  : [Fri Feb 23 06:42:30 2024] hv_pci e47618b3-52ff-47ba-979b-5a9bbae6d1be: PCI VMBus probing: Using version 0x10004
kern  :info  : [Fri Feb 23 06:42:30 2024] hv_pci e47618b3-52ff-47ba-979b-5a9bbae6d1be: PCI host bridge to bus 52ff:00
kern  :info  : [Fri Feb 23 06:42:30 2024] pci_bus 52ff:00: root bus resource [mem 0xbffe10000-0xbffe12fff window]
kern  :info  : [Fri Feb 23 06:42:30 2024] pci_bus 52ff:00: No busn resource found for root bus, will use [bus 00-ff]
kern  :info  : [Fri Feb 23 06:42:30 2024] pci 52ff:00:00.0: [1af4:1049] type 00 class 0x010000
kern  :info  : [Fri Feb 23 06:42:30 2024] pci 52ff:00:00.0: reg 0x10: [mem 0xbffe10000-0xbffe10fff 64bit]
kern  :info  : [Fri Feb 23 06:42:30 2024] pci 52ff:00:00.0: reg 0x18: [mem 0xbffe11000-0xbffe11fff 64bit]
kern  :info  : [Fri Feb 23 06:42:30 2024] pci 52ff:00:00.0: reg 0x20: [mem 0xbffe12000-0xbffe12fff 64bit]
kern  :info  : [Fri Feb 23 06:42:30 2024] pci_bus 52ff:00: busn_res: [bus 00-ff] end is updated to 00
kern  :info  : [Fri Feb 23 06:42:30 2024] pci 52ff:00:00.0: BAR 0: assigned [mem 0xbffe10000-0xbffe10fff 64bit]
kern  :info  : [Fri Feb 23 06:42:30 2024] pci 52ff:00:00.0: BAR 2: assigned [mem 0xbffe11000-0xbffe11fff 64bit]
kern  :info  : [Fri Feb 23 06:42:30 2024] pci 52ff:00:00.0: BAR 4: assigned [mem 0xbffe12000-0xbffe12fff 64bit]
user  :err   : [Fri Feb 23 06:42:30 2024] WSL (2) ERROR: UtilCreateProcessAndWait:663: /bin/mount failed with 2
user  :err   : [Fri Feb 23 06:42:30 2024] WSL (1) ERROR: UtilCreateProcessAndWait:685: /bin/mount failed with status 0xff00

user  :err   : [Fri Feb 23 06:42:30 2024] WSL (1) ERROR: ConfigMountFsTab:2581: Processing fstab with mount -a failed.
user  :err   : [Fri Feb 23 06:42:30 2024] WSL (1) ERROR: ConfigApplyWindowsLibPath:2529: open /etc/ld.so.conf.d/ld.wsl.conf
user  :alert : [Fri Feb 23 06:42:30 2024]  failed 2
kern  :info  : [Fri Feb 23 06:42:30 2024] hv_pci 2a349989-1508-4041-9228-fad84721a60c: PCI VMBus probing: Using version 0x10004
user  :warn  : [Fri Feb 23 06:42:30 2024] WSL (1) WARNING: /usr/share/zoneinfo/Europe/Berlin not found. Is the tzdata package installed?
kern  :info  : [Fri Feb 23 06:42:30 2024] hv_pci 2a349989-1508-4041-9228-fad84721a60c: PCI host bridge to bus 1508:00
kern  :info  : [Fri Feb 23 06:42:30 2024] pci_bus 1508:00: root bus resource [mem 0xbffe14000-0xbffe16fff window]
kern  :info  : [Fri Feb 23 06:42:30 2024] pci_bus 1508:00: No busn resource found for root bus, will use [bus 00-ff]
kern  :info  : [Fri Feb 23 06:42:30 2024] pci 1508:00:00.0: [1af4:1049] type 00 class 0x010000
kern  :info  : [Fri Feb 23 06:42:30 2024] pci 1508:00:00.0: reg 0x10: [mem 0xbffe14000-0xbffe14fff 64bit]
kern  :info  : [Fri Feb 23 06:42:30 2024] pci 1508:00:00.0: reg 0x18: [mem 0xbffe15000-0xbffe15fff 64bit]
kern  :info  : [Fri Feb 23 06:42:30 2024] pci 1508:00:00.0: reg 0x20: [mem 0xbffe16000-0xbffe16fff 64bit]
kern  :info  : [Fri Feb 23 06:42:30 2024] pci_bus 1508:00: busn_res: [bus 00-ff] end is updated to 00
kern  :info  : [Fri Feb 23 06:42:30 2024] pci 1508:00:00.0: BAR 0: assigned [mem 0xbffe14000-0xbffe14fff 64bit]
kern  :info  : [Fri Feb 23 06:42:30 2024] pci 1508:00:00.0: BAR 2: assigned [mem 0xbffe15000-0xbffe15fff 64bit]
kern  :info  : [Fri Feb 23 06:42:30 2024] pci 1508:00:00.0: BAR 4: assigned [mem 0xbffe16000-0xbffe16fff 64bit]
kern  :err   : [Fri Feb 23 06:42:30 2024] misc dxg: dxgk: dxgkio_query_adapter_info: Ioctl failed: -22
kern  :err   : [Fri Feb 23 06:42:30 2024] misc dxg: dxgk: dxgkio_query_adapter_info: Ioctl failed: -22
kern  :err   : [Fri Feb 23 06:42:30 2024] misc dxg: dxgk: dxgkio_query_adapter_info: Ioctl failed: -22
kern  :err   : [Fri Feb 23 06:42:30 2024] misc dxg: dxgk: dxgkio_query_adapter_info: Ioctl failed: -2
kern  :info  : [Fri Feb 23 06:42:31 2024] hv_pci 66f521f3-6c71-4094-9c42-d925fcf65b38: PCI VMBus probing: Using version 0x10004
kern  :info  : [Fri Feb 23 06:42:31 2024] loop0: detected capacity change from 0 to 905460
kern  :info  : [Fri Feb 23 06:42:31 2024] hv_pci 66f521f3-6c71-4094-9c42-d925fcf65b38: PCI host bridge to bus 6c71:00
kern  :info  : [Fri Feb 23 06:42:31 2024] pci_bus 6c71:00: root bus resource [mem 0xbffe18000-0xbffe1afff window]
kern  :info  : [Fri Feb 23 06:42:31 2024] pci_bus 6c71:00: No busn resource found for root bus, will use [bus 00-ff]
kern  :info  : [Fri Feb 23 06:42:31 2024] pci 6c71:00:00.0: [1af4:1049] type 00 class 0x010000
kern  :debug : [Fri Feb 23 06:42:31 2024] ISO 9660 Extensions: Microsoft Joliet Level 3
kern  :debug : [Fri Feb 23 06:42:31 2024] ISO 9660 Extensions: RRIP_1991A
kern  :info  : [Fri Feb 23 06:42:31 2024] pci 6c71:00:00.0: reg 0x10: [mem 0xbffe18000-0xbffe18fff 64bit]
kern  :info  : [Fri Feb 23 06:42:31 2024] pci 6c71:00:00.0: reg 0x18: [mem 0xbffe19000-0xbffe19fff 64bit]
kern  :info  : [Fri Feb 23 06:42:31 2024] pci 6c71:00:00.0: reg 0x20: [mem 0xbffe1a000-0xbffe1afff 64bit]
kern  :info  : [Fri Feb 23 06:42:31 2024] pci_bus 6c71:00: busn_res: [bus 00-ff] end is updated to 00
kern  :info  : [Fri Feb 23 06:42:31 2024] pci 6c71:00:00.0: BAR 0: assigned [mem 0xbffe18000-0xbffe18fff 64bit]
kern  :info  : [Fri Feb 23 06:42:31 2024] pci 6c71:00:00.0: BAR 2: assigned [mem 0xbffe19000-0xbffe19fff 64bit]
kern  :info  : [Fri Feb 23 06:42:31 2024] pci 6c71:00:00.0: BAR 4: assigned [mem 0xbffe1a000-0xbffe1afff 64bit]
kern  :info  : [Fri Feb 23 06:42:31 2024] loop1: detected capacity change from 0 to 348152
kern  :debug : [Fri Feb 23 06:42:31 2024] ISO 9660 Extensions: Microsoft Joliet Level 3
kern  :debug : [Fri Feb 23 06:42:31 2024] ISO 9660 Extensions: RRIP_1991A
kern  :info  : [Fri Feb 23 06:42:31 2024] loop2: detected capacity change from 0 to 1528504
kern  :debug : [Fri Feb 23 06:42:31 2024] ISO 9660 Extensions: Microsoft Joliet Level 3
kern  :debug : [Fri Feb 23 06:42:31 2024] ISO 9660 Extensions: RRIP_1991A
kern  :err   : [Fri Feb 23 06:42:32 2024] misc dxg: dxgk: dxgkio_query_adapter_info: Ioctl failed: -2
kern  :err   : [Fri Feb 23 06:42:32 2024] misc dxg: dxgk: dxgkio_query_adapter_info: Ioctl failed: -2
kern  :info  : [Fri Feb 23 06:42:32 2024] IPv6: ADDRCONF(NETDEV_CHANGE): services1: link becomes ready
kern  :info  : [Fri Feb 23 06:42:32 2024] IPv6: ADDRCONF(NETDEV_CHANGE): services0: link becomes ready
kern  :info  : [Fri Feb 23 06:42:32 2024] eth0: renamed from docker0
kern  :info  : [Fri Feb 23 06:42:32 2024] IPv6: ADDRCONF(NETDEV_CHANGE): eth0: link becomes ready
kern  :err   : [Fri Feb 23 06:42:32 2024] misc dxg: dxgk: dxgkio_query_adapter_info: Ioctl failed: -2
kern  :err   : [Fri Feb 23 06:42:32 2024] misc dxg: dxgk: dxgkio_query_adapter_info: Ioctl failed: -2
kern  :err   : [Fri Feb 23 06:42:32 2024] misc dxg: dxgk: dxgkio_query_adapter_info: Ioctl failed: -2
kern  :err   : [Fri Feb 23 06:42:32 2024] misc dxg: dxgk: dxgkio_query_adapter_info: Ioctl failed: -2
kern  :err   : [Fri Feb 23 06:42:32 2024] misc dxg: dxgk: dxgkio_query_adapter_info: Ioctl failed: -2
kern  :err   : [Fri Feb 23 06:42:32 2024] misc dxg: dxgk: dxgkio_query_adapter_info: Ioctl failed: -2
kern  :err   : [Fri Feb 23 06:42:32 2024] misc dxg: dxgk: dxgkio_query_adapter_info: Ioctl failed: -2
kern  :err   : [Fri Feb 23 06:42:32 2024] misc dxg: dxgk: dxgkio_query_adapter_info: Ioctl failed: -2
kern  :err   : [Fri Feb 23 06:42:32 2024] misc dxg: dxgk: dxgkio_query_adapter_info: Ioctl failed: -2
kern  :err   : [Fri Feb 23 06:42:32 2024] misc dxg: dxgk: dxgkio_query_adapter_info: Ioctl failed: -2
kern  :err   : [Fri Feb 23 06:42:32 2024] misc dxg: dxgk: dxgkio_query_adapter_info: Ioctl failed: -2
kern  :err   : [Fri Feb 23 06:42:32 2024] misc dxg: dxgk: dxgkio_query_adapter_info: Ioctl failed: -2
kern  :err   : [Fri Feb 23 06:42:32 2024] misc dxg: dxgk: dxgkio_query_adapter_info: Ioctl failed: -2
kern  :err   : [Fri Feb 23 06:42:32 2024] misc dxg: dxgk: dxgkio_query_adapter_info: Ioctl failed: -2
kern  :err   : [Fri Feb 23 06:42:32 2024] misc dxg: dxgk: dxgkio_query_adapter_info: Ioctl failed: -2
kern  :err   : [Fri Feb 23 06:42:32 2024] misc dxg: dxgk: dxgkio_query_adapter_info: Ioctl failed: -2
kern  :err   : [Fri Feb 23 06:42:32 2024] misc dxg: dxgk: dxgkio_query_adapter_info: Ioctl failed: -2
kern  :err   : [Fri Feb 23 06:42:32 2024] misc dxg: dxgk: dxgkio_query_adapter_info: Ioctl failed: -2
kern  :err   : [Fri Feb 23 06:42:32 2024] misc dxg: dxgk: dxgkio_query_adapter_info: Ioctl failed: -2
kern  :err   : [Fri Feb 23 06:42:32 2024] misc dxg: dxgk: dxgkio_query_adapter_info: Ioctl failed: -2
kern  :err   : [Fri Feb 23 06:42:32 2024] misc dxg: dxgk: dxgkio_query_adapter_info: Ioctl failed: -2
kern  :err   : [Fri Feb 23 06:42:32 2024] misc dxg: dxgk: dxgkio_query_adapter_info: Ioctl failed: -2
kern  :err   : [Fri Feb 23 06:42:32 2024] misc dxg: dxgk: dxgkio_query_adapter_info: Ioctl failed: -2
kern  :err   : [Fri Feb 23 06:42:32 2024] misc dxg: dxgk: dxgkio_query_adapter_info: Ioctl failed: -2
kern  :err   : [Fri Feb 23 06:42:32 2024] misc dxg: dxgk: dxgkio_query_adapter_info: Ioctl failed: -2
kern  :err   : [Fri Feb 23 06:42:32 2024] misc dxg: dxgk: dxgkio_query_adapter_info: Ioctl failed: -2
kern  :err   : [Fri Feb 23 06:42:32 2024] misc dxg: dxgk: dxgkio_query_adapter_info: Ioctl failed: -2
kern  :err   : [Fri Feb 23 06:42:32 2024] misc dxg: dxgk: dxgkio_query_adapter_info: Ioctl failed: -2
kern  :err   : [Fri Feb 23 06:42:33 2024] misc dxg: dxgk: dxgkio_query_adapter_info: Ioctl failed: -2
kern  :err   : [Fri Feb 23 06:42:33 2024] misc dxg: dxgk: dxgkio_query_adapter_info: Ioctl failed: -2
kern  :info  : [Fri Feb 23 06:42:38 2024] br-60163b770377: port 1(vethd2f617f) entered blocking state
kern  :info  : [Fri Feb 23 06:42:38 2024] br-60163b770377: port 1(vethd2f617f) entered disabled state
kern  :info  : [Fri Feb 23 06:42:38 2024] device vethd2f617f entered promiscuous mode
kern  :info  : [Fri Feb 23 06:42:38 2024] br-60163b770377: port 1(vethd2f617f) entered blocking state
kern  :info  : [Fri Feb 23 06:42:38 2024] br-60163b770377: port 1(vethd2f617f) entered forwarding state
kern  :info  : [Fri Feb 23 06:42:38 2024] IPv6: ADDRCONF(NETDEV_CHANGE): br-60163b770377: link becomes ready
kern  :info  : [Fri Feb 23 06:42:38 2024] br-60163b770377: port 1(vethd2f617f) entered disabled state
kern  :info  : [Fri Feb 23 06:42:38 2024] eth0: renamed from vethc93f838
kern  :info  : [Fri Feb 23 06:42:38 2024] IPv6: ADDRCONF(NETDEV_CHANGE): vethd2f617f: link becomes ready
kern  :info  : [Fri Feb 23 06:42:38 2024] br-60163b770377: port 1(vethd2f617f) entered blocking state
kern  :info  : [Fri Feb 23 06:42:38 2024] br-60163b770377: port 1(vethd2f617f) entered forwarding state
kern  :info  : [Fri Feb 23 06:43:15 2024] hv_balloon: Max. dynamic memory size: 8110 MB
kern  :info  : [Fri Feb 23 06:43:31 2024] br-60163b770377: port 1(vethd2f617f) entered disabled state
kern  :info  : [Fri Feb 23 06:43:31 2024] vethc93f838: renamed from eth0
kern  :info  : [Fri Feb 23 06:43:31 2024] br-60163b770377: port 1(vethd2f617f) entered disabled state
kern  :info  : [Fri Feb 23 06:43:31 2024] device vethd2f617f left promiscuous mode
kern  :info  : [Fri Feb 23 06:43:31 2024] br-60163b770377: port 1(vethd2f617f) entered disabled state
kern  :info  : [Fri Feb 23 06:44:06 2024] docker0: port 1(vethd34419f) entered blocking state
kern  :info  : [Fri Feb 23 06:44:06 2024] docker0: port 1(vethd34419f) entered disabled state
kern  :info  : [Fri Feb 23 06:44:06 2024] device vethd34419f entered promiscuous mode
kern  :info  : [Fri Feb 23 06:44:06 2024] eth0: renamed from veth1111dd5
kern  :info  : [Fri Feb 23 06:44:06 2024] IPv6: ADDRCONF(NETDEV_CHANGE): vethd34419f: link becomes ready
kern  :info  : [Fri Feb 23 06:44:06 2024] docker0: port 1(vethd34419f) entered blocking state
kern  :info  : [Fri Feb 23 06:44:06 2024] docker0: port 1(vethd34419f) entered forwarding state
kern  :info  : [Fri Feb 23 06:44:06 2024] IPv6: ADDRCONF(NETDEV_CHANGE): docker0: link becomes ready
kern  :info  : [Fri Feb 23 06:46:50 2024] docker0: port 1(vethd34419f) entered disabled state
kern  :info  : [Fri Feb 23 06:46:50 2024] veth1111dd5: renamed from eth0
kern  :info  : [Fri Feb 23 06:46:51 2024] docker0: port 1(vethd34419f) entered disabled state
kern  :info  : [Fri Feb 23 06:46:51 2024] device vethd34419f left promiscuous mode
kern  :info  : [Fri Feb 23 06:46:51 2024] docker0: port 1(vethd34419f) entered disabled state
kern  :info  : [Fri Feb 23 06:47:05 2024] docker0: port 1(vetha30d0f1) entered blocking state
kern  :info  : [Fri Feb 23 06:47:05 2024] docker0: port 1(vetha30d0f1) entered disabled state
kern  :info  : [Fri Feb 23 06:47:05 2024] device vetha30d0f1 entered promiscuous mode
kern  :info  : [Fri Feb 23 06:47:05 2024] eth0: renamed from veth18208cd
kern  :info  : [Fri Feb 23 06:47:05 2024] IPv6: ADDRCONF(NETDEV_CHANGE): vetha30d0f1: link becomes ready
kern  :info  : [Fri Feb 23 06:47:05 2024] docker0: port 1(vetha30d0f1) entered blocking state
kern  :info  : [Fri Feb 23 06:47:05 2024] docker0: port 1(vetha30d0f1) entered forwarding state
kern  :info  : [Fri Feb 23 06:47:41 2024] docker0: port 1(vetha30d0f1) entered disabled state
kern  :info  : [Fri Feb 23 06:47:41 2024] veth18208cd: renamed from eth0
kern  :info  : [Fri Feb 23 06:47:41 2024] docker0: port 1(vetha30d0f1) entered disabled state
kern  :info  : [Fri Feb 23 06:47:41 2024] device vetha30d0f1 left promiscuous mode
kern  :info  : [Fri Feb 23 06:47:41 2024] docker0: port 1(vetha30d0f1) entered disabled state
kern  :info  : [Fri Feb 23 06:47:52 2024] docker0: port 1(veth7584c23) entered blocking state
kern  :info  : [Fri Feb 23 06:47:52 2024] docker0: port 1(veth7584c23) entered disabled state
kern  :info  : [Fri Feb 23 06:47:52 2024] device veth7584c23 entered promiscuous mode
kern  :info  : [Fri Feb 23 06:47:52 2024] eth0: renamed from veth2ab8aa1
kern  :info  : [Fri Feb 23 06:47:52 2024] IPv6: ADDRCONF(NETDEV_CHANGE): veth7584c23: link becomes ready
kern  :info  : [Fri Feb 23 06:47:52 2024] docker0: port 1(veth7584c23) entered blocking state
kern  :info  : [Fri Feb 23 06:47:52 2024] docker0: port 1(veth7584c23) entered forwarding state
kern  :info  : [Fri Feb 23 06:53:20 2024] docker0: port 1(veth7584c23) entered disabled state
kern  :info  : [Fri Feb 23 06:53:20 2024] veth2ab8aa1: renamed from eth0
kern  :info  : [Fri Feb 23 06:53:20 2024] docker0: port 1(veth7584c23) entered disabled state
kern  :info  : [Fri Feb 23 06:53:20 2024] device veth7584c23 left promiscuous mode
kern  :info  : [Fri Feb 23 06:53:20 2024] docker0: port 1(veth7584c23) entered disabled state
kern  :info  : [Fri Feb 23 06:53:33 2024] docker0: port 1(veth1dd7f9c) entered blocking state
kern  :info  : [Fri Feb 23 06:53:33 2024] docker0: port 1(veth1dd7f9c) entered disabled state
kern  :info  : [Fri Feb 23 06:53:33 2024] device veth1dd7f9c entered promiscuous mode
kern  :info  : [Fri Feb 23 06:53:33 2024] eth0: renamed from veth961d208
kern  :info  : [Fri Feb 23 06:53:33 2024] IPv6: ADDRCONF(NETDEV_CHANGE): veth1dd7f9c: link becomes ready
kern  :info  : [Fri Feb 23 06:53:33 2024] docker0: port 1(veth1dd7f9c) entered blocking state
kern  :info  : [Fri Feb 23 06:53:33 2024] docker0: port 1(veth1dd7f9c) entered forwarding state
kern  :info  : [Fri Feb 23 06:53:47 2024] docker0: port 1(veth1dd7f9c) entered disabled state
kern  :info  : [Fri Feb 23 06:53:47 2024] veth961d208: renamed from eth0
kern  :info  : [Fri Feb 23 06:53:47 2024] docker0: port 1(veth1dd7f9c) entered disabled state
kern  :info  : [Fri Feb 23 06:53:47 2024] device veth1dd7f9c left promiscuous mode
kern  :info  : [Fri Feb 23 06:53:47 2024] docker0: port 1(veth1dd7f9c) entered disabled state
kern  :info  : [Fri Feb 23 06:53:54 2024] docker0: port 1(vethe2b4259) entered blocking state
kern  :info  : [Fri Feb 23 06:53:54 2024] docker0: port 1(vethe2b4259) entered disabled state
kern  :info  : [Fri Feb 23 06:53:54 2024] device vethe2b4259 entered promiscuous mode
kern  :info  : [Fri Feb 23 06:53:55 2024] eth0: renamed from vethf000450
kern  :info  : [Fri Feb 23 06:53:55 2024] IPv6: ADDRCONF(NETDEV_CHANGE): vethe2b4259: link becomes ready
kern  :info  : [Fri Feb 23 06:53:55 2024] docker0: port 1(vethe2b4259) entered blocking state
kern  :info  : [Fri Feb 23 06:53:55 2024] docker0: port 1(vethe2b4259) entered forwarding state
kern  :info  : [Fri Feb 23 06:58:17 2024] docker0: port 1(vethe2b4259) entered disabled state
kern  :info  : [Fri Feb 23 06:58:17 2024] vethf000450: renamed from eth0
kern  :info  : [Fri Feb 23 06:58:17 2024] docker0: port 1(vethe2b4259) entered disabled state
kern  :info  : [Fri Feb 23 06:58:17 2024] device vethe2b4259 left promiscuous mode
kern  :info  : [Fri Feb 23 06:58:17 2024] docker0: port 1(vethe2b4259) entered disabled state
kern  :info  : [Fri Feb 23 06:58:29 2024] docker0: port 1(vetheed4906) entered blocking state
kern  :info  : [Fri Feb 23 06:58:29 2024] docker0: port 1(vetheed4906) entered disabled state
kern  :info  : [Fri Feb 23 06:58:29 2024] device vetheed4906 entered promiscuous mode
kern  :info  : [Fri Feb 23 06:58:29 2024] eth0: renamed from veth0c867f6
kern  :info  : [Fri Feb 23 06:58:29 2024] IPv6: ADDRCONF(NETDEV_CHANGE): vetheed4906: link becomes ready
kern  :info  : [Fri Feb 23 06:58:29 2024] docker0: port 1(vetheed4906) entered blocking state
kern  :info  : [Fri Feb 23 06:58:29 2024] docker0: port 1(vetheed4906) entered forwarding state
kern  :info  : [Fri Feb 23 07:00:37 2024] docker0: port 1(vetheed4906) entered disabled state
kern  :info  : [Fri Feb 23 07:00:37 2024] veth0c867f6: renamed from eth0
kern  :info  : [Fri Feb 23 07:00:37 2024] docker0: port 1(vetheed4906) entered disabled state
kern  :info  : [Fri Feb 23 07:00:37 2024] device vetheed4906 left promiscuous mode
kern  :info  : [Fri Feb 23 07:00:37 2024] docker0: port 1(vetheed4906) entered disabled state
kern  :info  : [Fri Feb 23 07:00:48 2024] docker0: port 1(veth0229a8b) entered blocking state
kern  :info  : [Fri Feb 23 07:00:48 2024] docker0: port 1(veth0229a8b) entered disabled state
kern  :info  : [Fri Feb 23 07:00:48 2024] device veth0229a8b entered promiscuous mode
kern  :info  : [Fri Feb 23 07:00:48 2024] eth0: renamed from vethe9d55d0
kern  :info  : [Fri Feb 23 07:00:48 2024] IPv6: ADDRCONF(NETDEV_CHANGE): veth0229a8b: link becomes ready
kern  :info  : [Fri Feb 23 07:00:48 2024] docker0: port 1(veth0229a8b) entered blocking state
kern  :info  : [Fri Feb 23 07:00:48 2024] docker0: port 1(veth0229a8b) entered forwarding state
kern  :info  : [Fri Feb 23 07:01:15 2024] docker0: port 1(veth0229a8b) entered disabled state
kern  :info  : [Fri Feb 23 07:01:15 2024] vethe9d55d0: renamed from eth0
kern  :info  : [Fri Feb 23 07:01:15 2024] docker0: port 1(veth0229a8b) entered disabled state
kern  :info  : [Fri Feb 23 07:01:15 2024] device veth0229a8b left promiscuous mode
kern  :info  : [Fri Feb 23 07:01:15 2024] docker0: port 1(veth0229a8b) entered disabled state
kern  :info  : [Fri Feb 23 07:01:30 2024] docker0: port 1(vethb89237d) entered blocking state
kern  :info  : [Fri Feb 23 07:01:30 2024] docker0: port 1(vethb89237d) entered disabled state
kern  :info  : [Fri Feb 23 07:01:30 2024] device vethb89237d entered promiscuous mode
kern  :info  : [Fri Feb 23 07:01:30 2024] eth0: renamed from veth7bf3a81
kern  :info  : [Fri Feb 23 07:01:31 2024] IPv6: ADDRCONF(NETDEV_CHANGE): vethb89237d: link becomes ready
kern  :info  : [Fri Feb 23 07:01:31 2024] docker0: port 1(vethb89237d) entered blocking state
kern  :info  : [Fri Feb 23 07:01:31 2024] docker0: port 1(vethb89237d) entered forwarding state
kern  :info  : [Fri Feb 23 07:02:05 2024] docker0: port 1(vethb89237d) entered disabled state
kern  :info  : [Fri Feb 23 07:02:05 2024] veth7bf3a81: renamed from eth0
kern  :info  : [Fri Feb 23 07:02:05 2024] docker0: port 1(vethb89237d) entered disabled state
kern  :info  : [Fri Feb 23 07:02:05 2024] device vethb89237d left promiscuous mode
kern  :info  : [Fri Feb 23 07:02:05 2024] docker0: port 1(vethb89237d) entered disabled state
kern  :info  : [Fri Feb 23 07:02:18 2024] docker0: port 1(veth86bfa7d) entered blocking state
kern  :info  : [Fri Feb 23 07:02:18 2024] docker0: port 1(veth86bfa7d) entered disabled state
kern  :info  : [Fri Feb 23 07:02:18 2024] device veth86bfa7d entered promiscuous mode
kern  :info  : [Fri Feb 23 07:02:18 2024] eth0: renamed from veth50640a1
kern  :info  : [Fri Feb 23 07:02:18 2024] IPv6: ADDRCONF(NETDEV_CHANGE): veth86bfa7d: link becomes ready
kern  :info  : [Fri Feb 23 07:02:18 2024] docker0: port 1(veth86bfa7d) entered blocking state
kern  :info  : [Fri Feb 23 07:02:18 2024] docker0: port 1(veth86bfa7d) entered forwarding state
kern  :info  : [Fri Feb 23 07:06:02 2024] docker0: port 1(veth86bfa7d) entered disabled state
kern  :info  : [Fri Feb 23 07:06:02 2024] veth50640a1: renamed from eth0
kern  :info  : [Fri Feb 23 07:06:02 2024] docker0: port 1(veth86bfa7d) entered disabled state
kern  :info  : [Fri Feb 23 07:06:03 2024] device veth86bfa7d left promiscuous mode
kern  :info  : [Fri Feb 23 07:06:03 2024] docker0: port 1(veth86bfa7d) entered disabled state
kern  :info  : [Fri Feb 23 07:06:44 2024] lifecycle-serve (836): drop_caches: 3
kern  :info  : [Fri Feb 23 07:10:22 2024] docker0: port 1(veth9a06a1e) entered blocking state
kern  :info  : [Fri Feb 23 07:10:22 2024] docker0: port 1(veth9a06a1e) entered disabled state
kern  :info  : [Fri Feb 23 07:10:22 2024] device veth9a06a1e entered promiscuous mode
kern  :info  : [Fri Feb 23 07:10:23 2024] eth0: renamed from vethd2454cd
kern  :info  : [Fri Feb 23 07:10:23 2024] IPv6: ADDRCONF(NETDEV_CHANGE): veth9a06a1e: link becomes ready
kern  :info  : [Fri Feb 23 07:10:23 2024] docker0: port 1(veth9a06a1e) entered blocking state
kern  :info  : [Fri Feb 23 07:10:23 2024] docker0: port 1(veth9a06a1e) entered forwarding state
kern  :info  : [Fri Feb 23 07:20:29 2024] docker0: port 1(veth9a06a1e) entered disabled state
kern  :info  : [Fri Feb 23 07:20:29 2024] vethd2454cd: renamed from eth0
kern  :info  : [Fri Feb 23 07:20:29 2024] docker0: port 1(veth9a06a1e) entered disabled state
kern  :info  : [Fri Feb 23 07:20:29 2024] device veth9a06a1e left promiscuous mode
kern  :info  : [Fri Feb 23 07:20:29 2024] docker0: port 1(veth9a06a1e) entered disabled state
kern  :info  : [Fri Feb 23 07:21:03 2024] docker0: port 1(veth9a0476b) entered blocking state
kern  :info  : [Fri Feb 23 07:21:03 2024] docker0: port 1(veth9a0476b) entered disabled state
kern  :info  : [Fri Feb 23 07:21:03 2024] device veth9a0476b entered promiscuous mode
kern  :info  : [Fri Feb 23 07:21:03 2024] eth0: renamed from vethc103f3e
kern  :info  : [Fri Feb 23 07:21:03 2024] IPv6: ADDRCONF(NETDEV_CHANGE): veth9a0476b: link becomes ready
kern  :info  : [Fri Feb 23 07:21:03 2024] docker0: port 1(veth9a0476b) entered blocking state
kern  :info  : [Fri Feb 23 07:21:03 2024] docker0: port 1(veth9a0476b) entered forwarding state
kern  :info  : [Fri Feb 23 07:21:28 2024] docker0: port 1(veth9a0476b) entered disabled state
kern  :info  : [Fri Feb 23 07:21:28 2024] vethc103f3e: renamed from eth0
kern  :info  : [Fri Feb 23 07:21:28 2024] docker0: port 1(veth9a0476b) entered disabled state
kern  :info  : [Fri Feb 23 07:21:28 2024] device veth9a0476b left promiscuous mode
kern  :info  : [Fri Feb 23 07:21:28 2024] docker0: port 1(veth9a0476b) entered disabled state
kern  :info  : [Fri Feb 23 07:21:40 2024] docker0: port 1(veth093b71b) entered blocking state
kern  :info  : [Fri Feb 23 07:21:40 2024] docker0: port 1(veth093b71b) entered disabled state
kern  :info  : [Fri Feb 23 07:21:40 2024] device veth093b71b entered promiscuous mode
kern  :info  : [Fri Feb 23 07:21:40 2024] eth0: renamed from vetheb98d88
kern  :info  : [Fri Feb 23 07:21:40 2024] IPv6: ADDRCONF(NETDEV_CHANGE): veth093b71b: link becomes ready
kern  :info  : [Fri Feb 23 07:21:40 2024] docker0: port 1(veth093b71b) entered blocking state
kern  :info  : [Fri Feb 23 07:21:40 2024] docker0: port 1(veth093b71b) entered forwarding state
kern  :info  : [Fri Feb 23 07:26:28 2024] docker0: port 1(veth093b71b) entered disabled state
kern  :info  : [Fri Feb 23 07:26:28 2024] vetheb98d88: renamed from eth0
kern  :info  : [Fri Feb 23 07:26:28 2024] docker0: port 1(veth093b71b) entered disabled state
kern  :info  : [Fri Feb 23 07:26:28 2024] device veth093b71b left promiscuous mode
kern  :info  : [Fri Feb 23 07:26:28 2024] docker0: port 1(veth093b71b) entered disabled state
kern  :info  : [Fri Feb 23 07:26:39 2024] docker0: port 1(vethd1d5b77) entered blocking state
kern  :info  : [Fri Feb 23 07:26:39 2024] docker0: port 1(vethd1d5b77) entered disabled state
kern  :info  : [Fri Feb 23 07:26:39 2024] device vethd1d5b77 entered promiscuous mode
kern  :info  : [Fri Feb 23 07:26:39 2024] eth0: renamed from veth0738d26
kern  :info  : [Fri Feb 23 07:26:39 2024] IPv6: ADDRCONF(NETDEV_CHANGE): vethd1d5b77: link becomes ready
kern  :info  : [Fri Feb 23 07:26:39 2024] docker0: port 1(vethd1d5b77) entered blocking state
kern  :info  : [Fri Feb 23 07:26:39 2024] docker0: port 1(vethd1d5b77) entered forwarding state
kern  :info  : [Fri Feb 23 07:31:58 2024] docker0: port 1(vethd1d5b77) entered disabled state
kern  :info  : [Fri Feb 23 07:31:58 2024] veth0738d26: renamed from eth0
kern  :info  : [Fri Feb 23 07:31:58 2024] docker0: port 1(vethd1d5b77) entered disabled state
kern  :info  : [Fri Feb 23 07:31:58 2024] device vethd1d5b77 left promiscuous mode
kern  :info  : [Fri Feb 23 07:31:58 2024] docker0: port 1(vethd1d5b77) entered disabled state
kern  :info  : [Fri Feb 23 07:32:07 2024] docker0: port 1(veth9cefa95) entered blocking state
kern  :info  : [Fri Feb 23 07:32:07 2024] docker0: port 1(veth9cefa95) entered disabled state
kern  :info  : [Fri Feb 23 07:32:07 2024] device veth9cefa95 entered promiscuous mode
kern  :info  : [Fri Feb 23 07:32:07 2024] eth0: renamed from veth29a6e2e
kern  :info  : [Fri Feb 23 07:32:07 2024] IPv6: ADDRCONF(NETDEV_CHANGE): veth9cefa95: link becomes ready
kern  :info  : [Fri Feb 23 07:32:07 2024] docker0: port 1(veth9cefa95) entered blocking state
kern  :info  : [Fri Feb 23 07:32:07 2024] docker0: port 1(veth9cefa95) entered forwarding state
kern  :info  : [Fri Feb 23 07:32:13 2024] docker0: port 1(veth9cefa95) entered disabled state
kern  :info  : [Fri Feb 23 07:32:13 2024] veth29a6e2e: renamed from eth0
kern  :info  : [Fri Feb 23 07:32:13 2024] docker0: port 1(veth9cefa95) entered disabled state
kern  :info  : [Fri Feb 23 07:32:13 2024] device veth9cefa95 left promiscuous mode
kern  :info  : [Fri Feb 23 07:32:13 2024] docker0: port 1(veth9cefa95) entered disabled state
kern  :info  : [Fri Feb 23 07:32:21 2024] docker0: port 1(veth2469c7a) entered blocking state
kern  :info  : [Fri Feb 23 07:32:21 2024] docker0: port 1(veth2469c7a) entered disabled state
kern  :info  : [Fri Feb 23 07:32:21 2024] device veth2469c7a entered promiscuous mode
kern  :info  : [Fri Feb 23 07:32:21 2024] eth0: renamed from vethefe4b3c
kern  :info  : [Fri Feb 23 07:32:21 2024] IPv6: ADDRCONF(NETDEV_CHANGE): veth2469c7a: link becomes ready
kern  :info  : [Fri Feb 23 07:32:21 2024] docker0: port 1(veth2469c7a) entered blocking state
kern  :info  : [Fri Feb 23 07:32:21 2024] docker0: port 1(veth2469c7a) entered forwarding state
kern  :info  : [Fri Feb 23 07:34:00 2024] docker0: port 1(veth2469c7a) entered disabled state
kern  :info  : [Fri Feb 23 07:34:00 2024] vethefe4b3c: renamed from eth0
kern  :info  : [Fri Feb 23 07:34:00 2024] docker0: port 1(veth2469c7a) entered disabled state
kern  :info  : [Fri Feb 23 07:34:00 2024] device veth2469c7a left promiscuous mode
kern  :info  : [Fri Feb 23 07:34:00 2024] docker0: port 1(veth2469c7a) entered disabled state
kern  :info  : [Fri Feb 23 07:34:36 2024] lifecycle-serve (814): drop_caches: 3
kern  :info  : [Fri Feb 23 07:34:54 2024] docker0: port 1(vetha8b7c64) entered blocking state
kern  :info  : [Fri Feb 23 07:34:54 2024] docker0: port 1(vetha8b7c64) entered disabled state
kern  :info  : [Fri Feb 23 07:34:54 2024] device vetha8b7c64 entered promiscuous mode
kern  :info  : [Fri Feb 23 07:34:55 2024] eth0: renamed from veth866b620
kern  :info  : [Fri Feb 23 07:34:55 2024] IPv6: ADDRCONF(NETDEV_CHANGE): vetha8b7c64: link becomes ready
kern  :info  : [Fri Feb 23 07:34:55 2024] docker0: port 1(vetha8b7c64) entered blocking state
kern  :info  : [Fri Feb 23 07:34:55 2024] docker0: port 1(vetha8b7c64) entered forwarding state
kern  :info  : [Fri Feb 23 07:36:08 2024] docker0: port 1(vetha8b7c64) entered disabled state
kern  :info  : [Fri Feb 23 07:36:08 2024] veth866b620: renamed from eth0
kern  :info  : [Fri Feb 23 07:36:08 2024] docker0: port 1(vetha8b7c64) entered disabled state
kern  :info  : [Fri Feb 23 07:36:08 2024] device vetha8b7c64 left promiscuous mode
kern  :info  : [Fri Feb 23 07:36:08 2024] docker0: port 1(vetha8b7c64) entered disabled state
kern  :info  : [Fri Feb 23 07:36:24 2024] docker0: port 1(vethecafe31) entered blocking state
kern  :info  : [Fri Feb 23 07:36:24 2024] docker0: port 1(vethecafe31) entered disabled state
kern  :info  : [Fri Feb 23 07:36:24 2024] device vethecafe31 entered promiscuous mode
kern  :info  : [Fri Feb 23 07:36:25 2024] eth0: renamed from vethd1ea322
kern  :info  : [Fri Feb 23 07:36:25 2024] IPv6: ADDRCONF(NETDEV_CHANGE): vethecafe31: link becomes ready
kern  :info  : [Fri Feb 23 07:36:25 2024] docker0: port 1(vethecafe31) entered blocking state
kern  :info  : [Fri Feb 23 07:36:25 2024] docker0: port 1(vethecafe31) entered forwarding state
